<html>
<body>
<pre>
<h1>µVision Build Log</h1>
<h2>Project:</h2>
C:\Keil\EE319Kware\lab10-chris-and-wei\DonkeyKong.uvproj
Project File Date:  05/01/2017

<h2>Output:</h2>
Build target 'DonkeyKong'
compiling DonkeyKong.c...
linking...
Program Size: Code=12396 RO-data=168700 RW-data=1308 ZI-data=1180  
".\DonkeyKong.axf" - 0 Error(s), 0 Warning(s).
Load "C:\\Keil\\EE319Kware\\lab10-chris-and-wei\\DonkeyKong.axf" 
Connecting: Mode=JTAG, Speed=1000000Hz
Erase Done.
Programming Done.
Verify OK.
get DLL has been cancelled
Load "C:\\Keil\\EE319Kware\\lab10-chris-and-wei\\DonkeyKong.axf" 
Connecting: Mode=JTAG, Speed=1000000Hz
Erase Done.
Programming Done.
Verify OK.
ramming Done.
Verify OK.
e Done.
Programming Done.
Verify OK.
