<html>
<body>
<pre>
<h1>µVision Build Log</h1>
<h2>Project:</h2>
C:\Keil\EE319Kware\lab10-chris-and-wei\DonkeyKong.uvproj
Project File Date:  04/26/2017

<h2>Output:</h2>
Build target 'DonkeyKong'
linking...
Program Size: Code=6804 RO-data=8928 RW-data=972 ZI-data=1180  
".\DonkeyKong.axf" - 0 Error(s), 0 Warning(s).
0 Error(s), 0 Warning(s).
 ";"
  bowser animation
DonkeyKong.c(419): warning:  #12-D: parsing restarts here after previous syntax error
                checkFirePos();
DonkeyKong.c: 2 warnings, 1 error
".\DonkeyKong.axf" - 1 Error(s), 2 Warning(s).
Target not created
Error: Could not load file 'C:\Keil\EE319Kware\lab10-chris-and-wei\DonkeyKong.axf'. Debugger aborted !
