<html>
<body>
<pre>
<h1>µVision Build Log</h1>
<h2>Project:</h2>
C:\Keil\EE319Kware\lab10-chris-and-wei\DonkeyKong.uvproj
Project File Date:  04/26/2017

<h2>Output:</h2>
Build target 'DonkeyKong'
linking...
Program Size: Code=6868 RO-data=8928 RW-data=976 ZI-data=1176  
".\DonkeyKong.axf" - 0 Error(s), 0 Warning(s).
0 Error(s), 0 Warning(s).
.c...
assembling LCD.s...
assembling Print.s...
compiling ST7735.c...
compiling DonkeyKong.c...
linking...
Program Size: Code=6816 RO-data=8928 RW-data=976 ZI-data=1176  
".\DonkeyKong.axf" - 0 Error(s), 0 Warning(s).
d 1 error messages.
".\DonkeyKong.axf" - 1 Error(s), 1 Warning(s).
Target not created
ball.c(23): warning:  #223-D: function "Movedown" declared implicitly
                                Movedown(fireball1);
fireball.c(29): error:  #20: identifier "characters" is undefined
        if(characters[fireball1].newy == 151){
fireball.c(32): warning:  #223-D: function "Moveright" declared implicitly
                                Moveright(fireball1);
fireball.c(38): error:  #20: identifier "characters" is undefined
        if(characters[fireball1].newy == 152){
fireball.c(41): warning:  #223-D: function "Moveright" declared implicitly
                                Moveright(fireball1);
fireball.c(47): error:  #20: identifier "characters" is undefined
        if(characters[fireball1].newy == 153){
fireball.c(50): warning:  #223-D: function "Moveright" declared implicitly
                                Moveright(fireball1);
fireball.c(57): error:  #20: identifier "characters" is undefined
        if(characters[fireball1].newy == 119){
fireball.c(60): warning:  #223-D: function "Moveleft" declared implicitly
                                Moveleft(fireball1);
fireball.c(66): error:  #20: identifier "characters" is undefined
        if(characters[fireball1].newy == 118){
fireball.c(69): warning:  #223-D: function "Moveleft" declared implicitly
                                Moveleft(fireball1);
fireball.c(75): error:  #20: identifier "characters" is undefined
        if(characters[fireball1].newy == 117){
fireball.c(78): warning:  #223-D: function "Moveleft" declared implicitly
                                Moveleft(fireball1);
fireball.c(84): error:  #20: identifier "characters" is undefined
        if(characters[fireball1].newy == 116){
fireball.c(87): warning:  #223-D: function "Moveleft" declared implicitly
                                Moveleft(fireball1);
fireball.c(94): error:  #20: identifier "characters" is undefined
        if(characters[fireball1].newy == 88){
fireball.c(97): warning:  #223-D: function "Moveright" declared implicitly
                                Moveright(fireball1);
fireball.c(103): error:  #20: identifier "characters" is undefined
        if(characters[fireball1].newy == 89){
fireball.c(106): warning:  #223-D: function "Moveright" declared implicitly
                                Moveright(fireball1);
fireball.c(112): error:  #20: identifier "characters" is undefined
        if(characters[fireball1].newy == 90){
fireball.c(115): warning:  #223-D: function "Moveright" declared implicitly
                                Moveright(fireball1);
fireball.c(121): error:  #20: identifier "characters" is undefined
        if(characters[fireball1].newy == 91){
fireball.c(124): warning:  #223-D: function "Moveright" declared implicitly
                                Moveright(fireball1);
fireball.c(131): error:  #20: identifier "characters" is undefined
        if(characters[fireball1].newy == 63){
fireball.c(134): warning:  #223-D: function "Moveleft" declared implicitly
                                Moveleft(fireball1);
fireball.c(140): error:  #20: identifier "characters" is undefined
        if(characters[fireball1].newy == 62){
fireball.c(143): warning:  #223-D: function "Moveleft" declared implicitly
                                Moveleft(fireball1);
fireball.c(149): error:  #20: identifier "characters" is undefined
        if(characters[fireball1].newy == 61){
fireball.c(152): warning:  #223-D: function "Moveleft" declared implicitly
                                Moveleft(fireball1);
fireball.c(158): error:  #20: identifier "characters" is undefined
        if(characters[fireball1].newy == 60){
fireball.c(161): warning:  #223-D: function "Moveleft" declared implicitly
                                Moveleft(fireball1);
fireball.c(168): error:  #20: identifier "characters" is undefined
        if(characters[fireball1].newy == 33){
fireball.c(171): warning:  #223-D: function "Moveright" declared implicitly
                                Moveright(fireball1);
fireball.c(178): error:  #20: identifier "characters" is undefined
        if(characters[fireball1].newy == 34){
fireball.c(181): warning:  #223-D: function "Moveright" declared implicitly
                                Moveright(fireball1);
fireball.c(187): error:  #20: identifier "characters" is undefined
        if(characters[fireball1].newy == 35){
fireball.c(190): warning:  #223-D: function "Moveright" declared implicitly
                                Moveright(fireball1);
fireball.c(198): warning:  #223-D: function "Movedown" declared implicitly
                Movedown(fireball1);
fireball.c(200): warning:  #1-D: last line of file ends without a newline
  }
fireball.c: 21 warnings, 20 errors
".\DonkeyKong.axf" - 20 Error(s), 21 Warning(s).
Target not created
