<html>
<body>
<pre>
<h1>µVision Build Log</h1>
<h2>Project:</h2>
C:\Keil\EE319Kware\lab10-chris-and-wei\DonkeyKong.uvproj
Project File Date:  04/26/2017

<h2>Output:</h2>
Build target 'DonkeyKong'
compiling DonkeyKong.c...
linking...
Program Size: Code=6772 RO-data=8928 RW-data=972 ZI-data=1180  
".\DonkeyKong.axf" - 0 Error(s), 0 Warning(s).
...
assembling LCD.s...
assembling Print.s...
compiling ST7735.c...
compiling DonkeyKong.c...
linking...
Program Size: Code=5896 RO-data=8928 RW-data=972 ZI-data=1180  
".\DonkeyKong.axf" - 0 Error(s), 0 Warning(s).
