<html>
<body>
<pre>
<h1>µVision Build Log</h1>
<h2>Project:</h2>
D:\wei\Documents\ee319k\Labs\lab10 deliverables\lab10-chris-and-wei\DonkeyKong.uvproj
Project File Date:  04/27/2017

<h2>Output:</h2>
Build target 'DonkeyKong'
linking...
Program Size: Code=7280 RO-data=8928 RW-data=976 ZI-data=1176  
".\DonkeyKong.axf" - 0 Error(s), 0 Warning(s).
</pre>
</body>
</html>

...
assembling LCD.s...
assembling Print.s...
compiling ST7735.c...
compiling DonkeyKong.c...
linking...
Program Size: Code=6960 RO-data=8928 RW-data=976 ZI-data=1176  
".\DonkeyKong.axf" - 0 Error(s), 0 Warning(s).
