<html>
<body>
<pre>
<h1>µVision Build Log</h1>
<h2>Project:</h2>
C:\Keil\EE319Kware\lab10-chris-and-wei\DonkeyKong.uvproj
Project File Date:  05/01/2017

<h2>Output:</h2>
Build target 'DonkeyKong'
compiling DonkeyKong.c...
linking...
Program Size: Code=12664 RO-data=168700 RW-data=1312 ZI-data=1176  
".\DonkeyKong.axf" - 0 Error(s), 0 Warning(s).
</pre>
</body>
</html>
sembling Print.s...
compiling ST7735.c...
compiling DonkeyKong.c...
compiling PortF.c...
linking...
Program Size: Code=12664 RO-data=168700 RW-data=1312 ZI-data=1176  
".\DonkeyKong.axf" - 0 Error(s), 0 Warning(s).
