<html>
<body>
<pre>
<h1>µVision Build Log</h1>
<h2>Project:</h2>
C:\Keil\EE319Kware\lab10-chris-and-wei\DonkeyKong.uvproj
Project File Date:  04/29/2017

<h2>Output:</h2>
Build target 'DonkeyKong'
linking...
Program Size: Code=10192 RO-data=10272 RW-data=1128 ZI-data=1176  
".\DonkeyKong.axf" - 0 Error(s), 0 Warning(s).
</pre>
</body>
</html>

Load "C:\\Keil\\EE319Kware\\lab10-chris-and-wei\\DonkeyKong.axf" 
Connecting: Mode=JTAG, Speed=1000000Hz
Erase Done.
Programming Done.
Verify OK.
ash Download failed  -  Target DLL has been cancelled
Load "C:\\Keil\\EE319Kware\\lab10-chris-and-wei\\DonkeyKong.axf" 
Connecting: Mode=JTAG, Speed=1000000Hz
Erase Done.
Programming Done.
Verify OK.
