<html>
<body>
<pre>
<h1>µVision Build Log</h1>
<h2>Project:</h2>
D:\wei\Documents\ee319k\Labs\lab10 deliverables\lab10-chris-and-wei\DonkeyKong.uvproj
Project File Date:  04/27/2017

<h2>Output:</h2>
Build target 'DonkeyKong'
linking...
Program Size: Code=7844 RO-data=8928 RW-data=1144 ZI-data=1176  
".\DonkeyKong.axf" - 0 Error(s), 0 Warning(s).
Load "D:\\wei\\Documents\\ee319k\\Labs\\lab10 deliverables\\lab10-chris-and-wei\\DonkeyKong.axf" 
Connecting: Mode=JTAG, Speed=1000000Hz
Erase Done.
Programming Done.
Verify OK.
</pre>
</body>
</html>
g Done.
Verify OK.
celled
Load "D:\\wei\\Documents\\ee319k\\Labs\\lab10 deliverables\\lab10-chris-and-wei\\DonkeyKong.axf" 
Connecting: Mode=JTAG, Speed=1000000Hz
Erase Done.
Programming Done.
Verify OK.
