<html>
<body>
<pre>
<h1>µVision Build Log</h1>
<h2>Project:</h2>
C:\Keil\EE319Kware\lab10-chris-and-wei\DonkeyKong.uvproj
Project File Date:  04/25/2017

<h2>Output:</h2>
Build target 'DonkeyKong'
compiling DonkeyKong.c...
linking...
Program Size: Code=5404 RO-data=8928 RW-data=160 ZI-data=1176  
".\DonkeyKong.axf" - 0 Error(s), 0 Warning(s).
</pre>
</body>
</html>
after previous syntax error
  };
DonkeyKong.c: 1 warning, 1 error
".\DonkeyKong.axf" - 1 Error(s), 1 Warning(s).
Target not created
ft[] =mario_still_2_move_left.txt
DonkeyKong.c(134): error:  #65: expected a ";"
DonkeyKong.c(151): warning:  #12-D: parsing restarts here after previous syntax error
  };
DonkeyKong.c: 2 warnings, 2 errors
".\DonkeyKong.axf" - 2 Error(s), 2 Warning(s).
Target not created
