<html>
<body>
<pre>
<h1>µVision Build Log</h1>
<h2>Project:</h2>
D:\wei\Documents\ee319k\Labs\lab10 deliverables\lab10-chris-and-wei\DonkeyKong.uvproj
Project File Date:  04/28/2017

<h2>Output:</h2>
Build target 'DonkeyKong'
compiling DonkeyKong.c...
linking...
Program Size: Code=8684 RO-data=8928 RW-data=1196 ZI-data=1180  
".\DonkeyKong.axf" - 0 Error(s), 0 Warning(s).
</pre>
</body>
</html>
ymbol y_ADC_In (referred from donkeykong.o).
Not enough information to list image symbols.
Finished: 1 information, 0 warning and 1 error messages.
".\DonkeyKong.axf" - 1 Error(s), 1 Warning(s).
Target not created
nts\\ee319k\\Labs\\lab10 deliverables\\lab10-chris-and-wei\\DonkeyKong.axf" 
Connecting: Mode=JTAG, Speed=1000000Hz
Connection failed!, error code=&d
Error: Flash Download failed  -  Target DLL has been cancelled
