<html>
<body>
<pre>
<h1>µVision Build Log</h1>
<h2>Project:</h2>
D:\wei\Documents\ee319k\Labs\lab10 deliverables\lab10-chris-and-wei\DonkeyKong.uvproj
Project File Date:  05/01/2017

<h2>Output:</h2>
Build target 'DonkeyKong'
compiling DonkeyKong.c...
linking...
Program Size: Code=12264 RO-data=168700 RW-data=1260 ZI-data=1180  
".\DonkeyKong.axf" - 0 Error(s), 0 Warning(s).
Load "D:\\wei\\Documents\\ee319k\\Labs\\lab10 deliverables\\lab10-chris-and-wei\\DonkeyKong.axf" 
Connecting: Mode=JTAG, Speed=1000000Hz
Erase Done.
Programming Done.
Verify OK.
</pre>
</body>
</html>
rsing restarts here after previous syntax error
                }
DonkeyKong.c(637): error:  #65: expected a ";"
                }
DonkeyKong.c: 1 warning, 2 errors
".\DonkeyKong.axf" - 2 Error(s), 1 Warning(s).
Target not created
d

