<html>
<body>
<pre>
<h1>µVision Build Log</h1>
<h2>Project:</h2>
C:\Keil\EE319Kware\lab10-chris-and-wei\DonkeyKong.uvproj
Project File Date:  04/28/2017

<h2>Output:</h2>
Build target 'DonkeyKong'
linking...
Program Size: Code=7664 RO-data=8928 RW-data=1196 ZI-data=1180  
".\DonkeyKong.axf" - 0 Error(s), 0 Warning(s).
</pre>
</body>
</html>

Load "C:\\Keil\\EE319Kware\\lab10-chris-and-wei\\DonkeyKong.axf" 
Connecting: Mode=JTAG, Speed=1000000Hz
Connection failed!, error code=&d
Error: Flash Download failed  -  Target DLL has been cancelled
Load "C:\\Keil\\EE319Kware\\lab10-chris-and-wei\\DonkeyKong.axf" 
Connecting: Mode=JTAG, Speed=1000000Hz
Erase Done.
Programming Done.
Verify OK.
not open file
Error: Flash Download failed  -  Could not load file 'C:\Keil\EE319Kware\lab10-chris-and-wei\DonkeyKong.axf'
Load "C:\\Keil\\EE319Kware\\lab10-chris-and-wei\\DonkeyKong.axf" 
_____^
*** error 56: cannot open file
Error: Flash Download failed  -  Could not load file 'C:\Keil\EE319Kware\lab10-chris-and-wei\DonkeyKong.axf'
