ARM Linker, 5.03 [Build 76] [MDK-ARM Professional]

==============================================================================

Section Cross References

    startup.o(STACK) refers (Special) to heapauxi.o(.text) for __use_two_region_memory
    startup.o(HEAP) refers (Special) to heapauxi.o(.text) for __use_two_region_memory
    startup.o(RESET) refers (Special) to heapauxi.o(.text) for __use_two_region_memory
    startup.o(RESET) refers to startup.o(STACK) for StackMem
    startup.o(RESET) refers to donkeykong.o(i.SysTick_Handler) for SysTick_Handler
    startup.o(RESET) refers to timer0.o(i.Timer0A_Handler) for Timer0A_Handler
    startup.o(RESET) refers to timer1.o(i.Timer1A_Handler) for Timer1A_Handler
    startup.o(RESET) refers to donkeykong.o(i.GPIOPortF_Handler) for GPIOPortF_Handler
    startup.o(RESET) refers to texas.o(.text) for Timer4A_Handler
    startup.o(RESET) refers to __main.o(!!!main) for __main
    startup.o(.text) refers (Special) to heapauxi.o(.text) for __use_two_region_memory
    startup.o(.text) refers to startup.o(HEAP) for HeapMem
    startup.o(.text) refers to startup.o(STACK) for StackMem
    random.o(.text) refers to random.o(DATA) for M
    timer0.o(i.Timer0A_Handler) refers to timer0.o(.data) for PeriodicTask0
    timer0.o(i.Timer0_Init) refers to timer0.o(.data) for PeriodicTask0
    timer1.o(i.Timer1A_Handler) refers to timer1.o(.data) for PeriodicTask1
    timer1.o(i.Timer1_Init) refers to timer1.o(.data) for PeriodicTask1
    sound.o(i.Sound_Init) refers to sound.o(i.Sound_Play) for Sound_Play
    sound.o(i.Sound_Init) refers to sound.o(.data) for indexS
    sound.o(i.Sound_Init) refers to sound.o(.constdata) for jump
    sound.o(i.Sound_Jump) refers to timer0.o(i.Timer0_Init) for Timer0_Init
    sound.o(i.Sound_Jump) refers to sound.o(.data) for indexS
    sound.o(i.Sound_Jump) refers to sound.o(.constdata) for jump
    sound.o(i.Sound_Jump) refers to sound.o(i.Sound_Init) for Sound_Init
    sound.o(i.Sound_Play) refers to dac.o(i.DAC_Out) for DAC_Out
    sound.o(i.Sound_Play) refers to sound.o(.data) for note
    sound.o(i.Sound_gameover) refers to timer0.o(i.Timer0_Init) for Timer0_Init
    sound.o(i.Sound_gameover) refers to sound.o(.data) for indexS
    sound.o(i.Sound_gameover) refers to sound.o(.constdata) for gameover
    sound.o(i.Sound_gameover) refers to sound.o(i.Sound_Init) for Sound_Init
    sound.o(i.Sound_intro) refers to timer0.o(i.Timer0_Init) for Timer0_Init
    sound.o(i.Sound_intro) refers to sound.o(.data) for indexS
    sound.o(i.Sound_intro) refers to sound.o(.constdata) for intro
    sound.o(i.Sound_intro) refers to sound.o(i.Sound_Init) for Sound_Init
    sound.o(i.Sound_pause) refers to timer0.o(i.Timer0_Init) for Timer0_Init
    sound.o(i.Sound_pause) refers to sound.o(.data) for indexS
    sound.o(i.Sound_pause) refers to sound.o(.constdata) for pauseS
    sound.o(i.Sound_pause) refers to sound.o(i.Sound_Init) for Sound_Init
    sound.o(i.Sound_points) refers to timer0.o(i.Timer0_Init) for Timer0_Init
    sound.o(i.Sound_points) refers to sound.o(.data) for indexS
    sound.o(i.Sound_points) refers to sound.o(.constdata) for points
    sound.o(i.Sound_points) refers to sound.o(i.Sound_Init) for Sound_Init
    print.o(.text) refers (Special) to st7735.o(i.ST7735_OutString) for ST7735_OutString
    print.o(.text) refers to st7735.o(i.ST7735_OutChar) for ST7735_OutChar
    st7735.o(i.Output_Clear) refers to st7735.o(i.ST7735_FillScreen) for ST7735_FillScreen
    st7735.o(i.Output_Color) refers to st7735.o(i.ST7735_SetTextColor) for ST7735_SetTextColor
    st7735.o(i.Output_Init) refers to st7735.o(i.ST7735_InitR) for ST7735_InitR
    st7735.o(i.Output_Init) refers to st7735.o(i.ST7735_FillScreen) for ST7735_FillScreen
    st7735.o(i.Output_Off) refers to st7735.o(i.Output_Clear) for Output_Clear
    st7735.o(i.Output_On) refers to st7735.o(i.Output_Init) for Output_Init
    st7735.o(i.ST7735_DrawBitmap) refers to st7735.o(i.setAddrWindow) for setAddrWindow
    st7735.o(i.ST7735_DrawBitmap) refers to lcd.o(.text) for writedata
    st7735.o(i.ST7735_DrawBitmap) refers to st7735.o(.data) for _width
    st7735.o(i.ST7735_DrawBitmapClear) refers to st7735.o(i.setAddrWindow) for setAddrWindow
    st7735.o(i.ST7735_DrawBitmapClear) refers to lcd.o(.text) for writedata
    st7735.o(i.ST7735_DrawBitmapClear) refers to st7735.o(.data) for _width
    st7735.o(i.ST7735_DrawChar) refers to st7735.o(i.setAddrWindow) for setAddrWindow
    st7735.o(i.ST7735_DrawChar) refers to st7735.o(i.pushColor) for pushColor
    st7735.o(i.ST7735_DrawChar) refers to st7735.o(.data) for _width
    st7735.o(i.ST7735_DrawChar) refers to st7735.o(.constdata) for Font
    st7735.o(i.ST7735_DrawCharS) refers to st7735.o(i.ST7735_DrawPixel) for ST7735_DrawPixel
    st7735.o(i.ST7735_DrawCharS) refers to st7735.o(i.ST7735_FillRect) for ST7735_FillRect
    st7735.o(i.ST7735_DrawCharS) refers to st7735.o(.data) for _width
[...]
    st7735.o(i.ST7735_InitB) refers to st7735.o(.constdata) for Bcmd
    st7735.o(i.ST7735_InitB) refers to st7735.o(.data) for StTextColor
    st7735.o(i.ST7735_InitR) refers to st7735.o(i.commonInit) for commonInit
    st7735.o(i.ST7735_InitR) refers to st7735.o(i.commandList) for commandList
    st7735.o(i.ST7735_InitR) refers to lcd.o(.text) for writecommand
    st7735.o(i.ST7735_InitR) refers to st7735.o(i.ST7735_SetCursor) for ST7735_SetCursor
    st7735.o(i.ST7735_InitR) refers to st7735.o(i.ST7735_FillScreen) for ST7735_FillScreen
    st7735.o(i.ST7735_InitR) refers to st7735.o(.constdata) for Rcmd1
    st7735.o(i.ST7735_InitR) refers to st7735.o(.data) for ColStart
    st7735.o(i.ST7735_InvertDisplay) refers to lcd.o(.text) for writecommand
    st7735.o(i.ST7735_OutChar) refers to st7735.o(i.ST7735_DrawString) for ST7735_DrawString
    st7735.o(i.ST7735_OutChar) refers to st7735.o(i.ST7735_DrawCharS) for ST7735_DrawCharS
    st7735.o(i.ST7735_OutChar) refers to st7735.o(.data) for StY
    st7735.o(i.ST7735_OutString) refers to st7735.o(i.ST7735_OutChar) for ST7735_OutChar
    st7735.o(i.ST7735_OutUDec) refers to st7735.o(i.fillmessage) for fillmessage
    st7735.o(i.ST7735_OutUDec) refers to st7735.o(i.ST7735_DrawString) for ST7735_DrawString
    st7735.o(i.ST7735_OutUDec) refers to st7735.o(i.ST7735_DrawCharS) for ST7735_DrawCharS
    st7735.o(i.ST7735_OutUDec) refers to st7735.o(.data) for Messageindex
    st7735.o(i.ST7735_OutUDec) refers to st7735.o(.bss) for Message
    st7735.o(i.ST7735_PlotBar) refers to st7735.o(i.ST7735_DrawFastVLine) for ST7735_DrawFastVLine
    st7735.o(i.ST7735_PlotBar) refers to st7735.o(.data) for Ymin
    st7735.o(i.ST7735_PlotClear) refers to st7735.o(i.ST7735_Color565) for ST7735_Color565
    st7735.o(i.ST7735_PlotClear) refers to st7735.o(i.ST7735_FillRect) for ST7735_FillRect
    st7735.o(i.ST7735_PlotClear) refers to st7735.o(.data) for Ymax
    st7735.o(i.ST7735_PlotLine) refers to st7735.o(i.ST7735_DrawPixel) for ST7735_DrawPixel
    st7735.o(i.ST7735_PlotLine) refers to st7735.o(.data) for Ymin
    st7735.o(i.ST7735_PlotNext) refers to st7735.o(.data) for X
    st7735.o(i.ST7735_PlotNextErase) refers to st7735.o(i.ST7735_Color565) for ST7735_Color565
    st7735.o(i.ST7735_PlotNextErase) refers to st7735.o(i.ST7735_DrawFastVLine) for ST7735_DrawFastVLine
    st7735.o(i.ST7735_PlotNextErase) refers to st7735.o(.data) for X
    st7735.o(i.ST7735_PlotPoint) refers to st7735.o(i.ST7735_DrawPixel) for ST7735_DrawPixel
    st7735.o(i.ST7735_PlotPoint) refers to st7735.o(.data) for Ymin
    st7735.o(i.ST7735_PlotPoints) refers to st7735.o(i.ST7735_DrawPixel) for ST7735_DrawPixel
    st7735.o(i.ST7735_PlotPoints) refers to st7735.o(.data) for Ymin
    st7735.o(i.ST7735_PlotdBfs) refers to st7735.o(i.ST7735_DrawFastVLine) for ST7735_DrawFastVLine
    st7735.o(i.ST7735_PlotdBfs) refers to st7735.o(.constdata) for dBfs
    st7735.o(i.ST7735_PlotdBfs) refers to st7735.o(.data) for X
    st7735.o(i.ST7735_SetCursor) refers to st7735.o(.data) for StX
    st7735.o(i.ST7735_SetRotation) refers to lcd.o(.text) for writecommand
    st7735.o(i.ST7735_SetRotation) refers to st7735.o(.data) for Rotation
    st7735.o(i.ST7735_SetTextColor) refers to st7735.o(.data) for StTextColor
    st7735.o(i.commandList) refers to lcd.o(.text) for writecommand
    st7735.o(i.commandList) refers to st7735.o(i.Delay1ms) for Delay1ms
    st7735.o(i.commonInit) refers to st7735.o(i.Delay1ms) for Delay1ms
    st7735.o(i.commonInit) refers to st7735.o(i.commandList) for commandList
    st7735.o(i.commonInit) refers to st7735.o(.data) for RowStart
    st7735.o(i.fillmessage) refers to st7735.o(.bss) for Message
    st7735.o(i.fillmessage) refers to st7735.o(.data) for Messageindex
    st7735.o(i.fputc) refers to st7735.o(i.ST7735_OutChar) for ST7735_OutChar
    st7735.o(i.pushColor) refers to lcd.o(.text) for writedata
    st7735.o(i.setAddrWindow) refers to lcd.o(.text) for writecommand
    st7735.o(i.setAddrWindow) refers to st7735.o(.data) for ColStart
    donkeykong.o(i.Characters_Init) refers to donkeykong.o(.data) for characters
    donkeykong.o(i.Characters_Init) refers to donkeykong.o(.constdata) for mario_still_left
    donkeykong.o(i.GPIOPortF_Handler) refers to sound.o(i.Sound_pause) for Sound_pause
    donkeykong.o(i.GPIOPortF_Handler) refers to donkeykong.o(.data) for pause
    donkeykong.o(i.Move) refers to donkeykong.o(.data) for characters
    donkeykong.o(i.Movedown) refers to donkeykong.o(.data) for characters
    donkeykong.o(i.Moveleft) refers to donkeykong.o(.data) for characters
    donkeykong.o(i.Moveright) refers to donkeykong.o(.data) for characters
    donkeykong.o(i.Moveup) refers to donkeykong.o(.data) for characters
    donkeykong.o(i.SysTick_Handler) refers to donkeykong.o(i.update_Fire) for update_Fire
    donkeykong.o(i.SysTick_Handler) refers to donkeykong.o(i.checkADC) for checkADC
    donkeykong.o(i.SysTick_Handler) refers to sound.o(i.Sound_Jump) for Sound_Jump
    donkeykong.o(i.SysTick_Handler) refers to donkeykong.o(i.Move) for Move
    donkeykong.o(i.SysTick_Handler) refers to donkeykong.o(i.fireball_collision) for fireball_collision
    donkeykong.o(i.SysTick_Handler) refers to donkeykong.o(.data) for pause
    donkeykong.o(i.SysTick_Handler) refers to donkeykong.o(.constdata) for mario_still_right
    donkeykong.o(i.checkADC) refers to adc.o(i.x_ADC_In) for x_ADC_In
    donkeykong.o(i.checkADC) refers to adc.o(i.y_ADC_In) for y_ADC_In
    donkeykong.o(i.checkADC) refers to donkeykong.o(i.mario_platform_left) for mario_platform_left
    donkeykong.o(i.checkADC) refers to donkeykong.o(i.mario_platform_right) for mario_platform_right
    donkeykong.o(i.checkADC) refers to donkeykong.o(.data) for start
    donkeykong.o(i.checkADC) refers to donkeykong.o(.constdata) for mario_still_right
    donkeykong.o(i.draw_Ladder1) refers to st7735.o(i.ST7735_DrawBitmap) for ST7735_DrawBitmap
    donkeykong.o(i.draw_Ladder1) refers to donkeykong.o(.constdata) for ladder
    donkeykong.o(i.draw_Stage1) refers to st7735.o(i.ST7735_DrawBitmap) for ST7735_DrawBitmap
    donkeykong.o(i.draw_Stage1) refers to donkeykong.o(i.draw_Ladder1) for draw_Ladder1
    donkeykong.o(i.draw_Stage1) refers to donkeykong.o(.constdata) for platform
    donkeykong.o(i.draw_init_characters) refers to st7735.o(i.ST7735_DrawBitmap) for ST7735_DrawBitmap
    donkeykong.o(i.draw_init_characters) refers to donkeykong.o(.data) for characters
    donkeykong.o(i.fireball_collision) refers to st7735.o(i.ST7735_FillScreen) for ST7735_FillScreen
    donkeykong.o(i.fireball_collision) refers to donkeykong.o(.data) for characters
    donkeykong.o(i.main) refers to texas.o(.text) for TExaS_Init
    donkeykong.o(i.main) refers to adc.o(i.ADC_Init) for ADC_Init
    donkeykong.o(i.main) refers to dac.o(i.DAC_Init) for DAC_Init
    donkeykong.o(i.main) refers to donkeykong.o(i.SysTick_Init) for SysTick_Init
    donkeykong.o(i.main) refers to portf.o(i.PortF_Init) for PortF_Init
    donkeykong.o(i.main) refers to startup.o(.text) for EnableInterrupts
    donkeykong.o(i.main) refers to st7735.o(i.Output_Init) for Output_Init
    donkeykong.o(i.main) refers to sound.o(i.Sound_intro) for Sound_intro
    donkeykong.o(i.main) refers to st7735.o(i.ST7735_FillScreen) for ST7735_FillScreen
    donkeykong.o(i.main) refers to donkeykong.o(i.draw_Stage1) for draw_Stage1
    donkeykong.o(i.main) refers to donkeykong.o(i.draw_init_characters) for draw_init_characters
    donkeykong.o(i.main) refers to st7735.o(i.ST7735_DrawBitmap) for ST7735_DrawBitmap
    donkeykong.o(i.main) refers to st7735.o(i.ST7735_FillRect) for ST7735_FillRect
    donkeykong.o(i.main) refers to sound.o(i.Sound_points) for Sound_points
    donkeykong.o(i.main) refers to sound.o(i.Sound_gameover) for Sound_gameover
    donkeykong.o(i.main) refers to st7735.o(i.ST7735_SetCursor) for ST7735_SetCursor
    donkeykong.o(i.main) refers to st7735.o(i.ST7735_DrawString) for ST7735_DrawString
    donkeykong.o(i.main) refers to donkeykong.o(i.Delay100ms) for Delay100ms
    donkeykong.o(i.main) refers to donkeykong.o(i.Characters_Init) for Characters_Init
    donkeykong.o(i.main) refers to donkeykong.o(.data) for difficulty
    donkeykong.o(i.mario_platform_left) refers to donkeykong.o(.data) for characters
    donkeykong.o(i.mario_platform_right) refers to donkeykong.o(.data) for characters
    donkeykong.o(i.update_Fire) refers to adc.o(i.x_ADC_In) for x_ADC_In
    donkeykong.o(i.update_Fire) refers to random.o(.text) for Random_Init
    donkeykong.o(i.update_Fire) refers to donkeykong.o(i.Movedown) for Movedown
    donkeykong.o(i.update_Fire) refers to donkeykong.o(i.Moveright) for Moveright
    donkeykong.o(i.update_Fire) refers to donkeykong.o(i.Moveleft) for Moveleft
    donkeykong.o(i.update_Fire) refers to donkeykong.o(.data) for characters
    donkeykong.o(i.update_Fire) refers to donkeykong.o(.constdata) for fireball_right
    donkeykong.o(.data) refers to donkeykong.o(.constdata) for bowser_closed_mouth
    texas.o(.text) refers to texas.o(.bss) for TExaS
    texas.o(.text) refers to texas.o(.constdata) for IntroMsg
    texas.o(.text) refers to texas.o(.data) for LastMode
    __main.o(!!!main) refers to rtentry.o(.ARM.Collect$$rtentry$$00000000) for __rt_entry
    rtentry.o(.ARM.Collect$$rtentry$$00000000) refers (Special) to rtentry2.o(.ARM.Collect$$rtentry$$0000000A) for __rt_entry_li
    rtentry.o(.ARM.Collect$$rtentry$$00000000) refers (Special) to rtentry2.o(.ARM.Collect$$rtentry$$0000000D) for __rt_entry_main
    rtentry.o(.ARM.Collect$$rtentry$$00000000) refers (Special) to rtentry2.o(.ARM.Collect$$rtentry$$0000000C) for __rt_entry_postli_1
    rtentry.o(.ARM.Collect$$rtentry$$00000000) refers (Special) to rtentry2.o(.ARM.Collect$$rtentry$$00000009) for __rt_entry_postsh_1
    rtentry.o(.ARM.Collect$$rtentry$$00000000) refers (Special) to rtentry2.o(.ARM.Collect$$rtentry$$00000002) for __rt_entry_presh_1
    rtentry.o(.ARM.Collect$$rtentry$$00000000) refers (Special) to rtentry4.o(.ARM.Collect$$rtentry$$00000004) for __rt_entry_sh
    rtentry2.o(.ARM.Collect$$rtentry$$00000008) refers to boardinit2.o(.text) for _platform_post_stackheap_init
    rtentry2.o(.ARM.Collect$$rtentry$$0000000A) refers to libinit.o(.ARM.Collect$$libinit$$00000000) for __rt_lib_init
    rtentry2.o(.ARM.Collect$$rtentry$$0000000B) refers to boardinit3.o(.text) for _platform_post_lib_init
    rtentry2.o(.ARM.Collect$$rtentry$$0000000D) refers to donkeykong.o(i.main) for main
    rtentry2.o(.ARM.Collect$$rtentry$$0000000D) refers to exit.o(.text) for exit
    rtentry2.o(.ARM.exidx) refers to rtentry2.o(.ARM.Collect$$rtentry$$00000001) for .ARM.Collect$$rtentry$$00000001
    rtentry2.o(.ARM.exidx) refers to rtentry2.o(.ARM.Collect$$rtentry$$00000008) for .ARM.Collect$$rtentry$$00000008
    rtentry2.o(.ARM.exidx) refers to rtentry2.o(.ARM.Collect$$rtentry$$0000000A) for .ARM.Collect$$rtentry$$0000000A
    rtentry2.o(.ARM.exidx) refers to rtentry2.o(.ARM.Collect$$rtentry$$0000000B) for .ARM.Collect$$rtentry$$0000000B
    rtentry2.o(.ARM.exidx) refers to rtentry2.o(.ARM.Collect$$rtentry$$0000000D) for .ARM.Collect$$rtentry$$0000000D
    rtentry4.o(.ARM.Collect$$rtentry$$00000004) refers to sys_stackheap_outer.o(.text) for __user_setup_stackheap
    rtentry4.o(.ARM.exidx) refers to rtentry4.o(.ARM.Collect$$rtentry$$00000004) for .ARM.Collect$$rtentry$$00000004
    sys_stackheap_outer.o(.text) refers to libspace.o(.text) for __user_perproc_libspace
    sys_stackheap_outer.o(.text) refers to startup.o(.text) for __user_initial_stackheap
    exit.o(.text) refers to rtexit.o(.ARM.Collect$$rtexit$$00000000) for __rt_exit
    libinit.o(.ARM.Collect$$libinit$$00000000) refers (Special) to libinit2.o(.ARM.Collect$$libinit$$0000002C) for __rt_lib_init_alloca_1
    libinit.o(.ARM.Collect$$libinit$$00000000) refers (Special) to libinit2.o(.ARM.Collect$$libinit$$0000002A) for __rt_lib_init_argv_1
    libinit.o(.ARM.Collect$$libinit$$00000000) refers (Special) to libinit2.o(.ARM.Collect$$libinit$$00000019) for __rt_lib_init_atexit_1
    libinit.o(.ARM.Collect$$libinit$$00000000) refers (Special) to libinit2.o(.ARM.Collect$$libinit$$0000001F) for __rt_lib_init_clock_1
    libinit.o(.ARM.Collect$$libinit$$00000000) refers (Special) to libinit2.o(.ARM.Collect$$libinit$$00000030) for __rt_lib_init_cpp_1
    libinit.o(.ARM.Collect$$libinit$$00000000) refers (Special) to libinit2.o(.ARM.Collect$$libinit$$0000002E) for __rt_lib_init_exceptions_1
    libinit.o(.ARM.Collect$$libinit$$00000000) refers (Special) to libinit2.o(.ARM.Collect$$libinit$$00000002) for __rt_lib_init_fp_1
    libinit.o(.ARM.Collect$$libinit$$00000000) refers (Special) to libinit2.o(.ARM.Collect$$libinit$$0000001D) for __rt_lib_init_fp_trap_1
    libinit.o(.ARM.Collect$$libinit$$00000000) refers (Special) to libinit2.o(.ARM.Collect$$libinit$$00000021) for __rt_lib_init_getenv_1
    libinit.o(.ARM.Collect$$libinit$$00000000) refers (Special) to libinit2.o(.ARM.Collect$$libinit$$00000008) for __rt_lib_init_heap_1
    libinit.o(.ARM.Collect$$libinit$$00000000) refers (Special) to libinit2.o(.ARM.Collect$$libinit$$0000000F) for __rt_lib_init_lc_collate_1
    libinit.o(.ARM.Collect$$libinit$$00000000) refers (Special) to libinit2.o(.ARM.Collect$$libinit$$00000011) for __rt_lib_init_lc_ctype_1
    libinit.o(.ARM.Collect$$libinit$$00000000) refers (Special) to libinit2.o(.ARM.Collect$$libinit$$00000013) for __rt_lib_init_lc_monetary_1
    libinit.o(.ARM.Collect$$libinit$$00000000) refers (Special) to libinit2.o(.ARM.Collect$$libinit$$00000015) for __rt_lib_init_lc_numeric_1
    libinit.o(.ARM.Collect$$libinit$$00000000) refers (Special) to libinit2.o(.ARM.Collect$$libinit$$00000017) for __rt_lib_init_lc_time_1
    libinit.o(.ARM.Collect$$libinit$$00000000) refers (Special) to libinit2.o(.ARM.Collect$$libinit$$0000000C) for __rt_lib_init_rand_1
    libinit.o(.ARM.Collect$$libinit$$00000000) refers (Special) to libinit2.o(.ARM.Collect$$libinit$$00000031) for __rt_lib_init_return
    libinit.o(.ARM.Collect$$libinit$$00000000) refers (Special) to libinit2.o(.ARM.Collect$$libinit$$0000001B) for __rt_lib_init_signal_1
    libinit.o(.ARM.Collect$$libinit$$00000000) refers (Special) to libinit2.o(.ARM.Collect$$libinit$$00000023) for __rt_lib_init_stdio_1
    libinit.o(.ARM.Collect$$libinit$$00000000) refers (Special) to libinit2.o(.ARM.Collect$$libinit$$0000000A) for __rt_lib_init_user_alloc_1
    libspace.o(.text) refers to libspace.o(.bss) for __libspace_start
    rtexit.o(.ARM.Collect$$rtexit$$00000000) refers (Special) to rtexit2.o(.ARM.Collect$$rtexit$$00000004) for __rt_exit_exit
    rtexit.o(.ARM.Collect$$rtexit$$00000000) refers (Special) to rtexit2.o(.ARM.Collect$$rtexit$$00000003) for __rt_exit_ls
    rtexit.o(.ARM.Collect$$rtexit$$00000000) refers (Special) to rtexit2.o(.ARM.Collect$$rtexit$$00000002) for __rt_exit_prels_1
    rtexit.o(.ARM.exidx) refers (Special) to rtexit2.o(.ARM.Collect$$rtexit$$00000004) for __rt_exit_exit
    rtexit.o(.ARM.exidx) refers (Special) to rtexit2.o(.ARM.Collect$$rtexit$$00000003) for __rt_exit_ls
    rtexit.o(.ARM.exidx) refers (Special) to rtexit2.o(.ARM.Collect$$rtexit$$00000002) for __rt_exit_prels_1
    rtexit.o(.ARM.exidx) refers to rtexit.o(.ARM.Collect$$rtexit$$00000000) for .ARM.Collect$$rtexit$$00000000
    libinit2.o(.ARM.Collect$$libinit$$0000000E) refers to libinit2.o(.ARM.Collect$$libinit$$0000000D) for .ARM.Collect$$libinit$$0000000D
    libinit2.o(.ARM.Collect$$libinit$$00000010) refers to libinit2.o(.ARM.Collect$$libinit$$0000000D) for .ARM.Collect$$libinit$$0000000D
    libinit2.o(.ARM.Collect$$libinit$$00000012) refers to libinit2.o(.ARM.Collect$$libinit$$0000000D) for .ARM.Collect$$libinit$$0000000D
    libinit2.o(.ARM.Collect$$libinit$$00000014) refers to libinit2.o(.ARM.Collect$$libinit$$0000000D) for .ARM.Collect$$libinit$$0000000D
    libinit2.o(.ARM.Collect$$libinit$$00000016) refers to libinit2.o(.ARM.Collect$$libinit$$0000000D) for .ARM.Collect$$libinit$$0000000D
    libinit2.o(.ARM.Collect$$libinit$$00000024) refers to argv_veneer.o(.emb_text) for __ARM_argv_veneer
    libinit2.o(.ARM.Collect$$libinit$$00000025) refers to argv_veneer.o(.emb_text) for __ARM_argv_veneer
    rtexit2.o(.ARM.Collect$$rtexit$$00000003) refers to libshutdown.o(.ARM.Collect$$libshutdown$$00000000) for __rt_lib_shutdown
    rtexit2.o(.ARM.Collect$$rtexit$$00000004) refers to sys_exit.o(.text) for _sys_exit
    rtexit2.o(.ARM.exidx) refers to rtexit2.o(.ARM.Collect$$rtexit$$00000001) for .ARM.Collect$$rtexit$$00000001
    rtexit2.o(.ARM.exidx) refers to rtexit2.o(.ARM.Collect$$rtexit$$00000003) for .ARM.Collect$$rtexit$$00000003
    rtexit2.o(.ARM.exidx) refers to rtexit2.o(.ARM.Collect$$rtexit$$00000004) for .ARM.Collect$$rtexit$$00000004
    argv_veneer.o(.emb_text) refers to no_argv.o(.text) for __ARM_get_argv
    sys_exit.o(.text) refers (Special) to use_no_semi.o(.text) for __I$use$semihosting
    sys_exit.o(.text) refers (Special) to indicate_semi.o(.text) for __semihosting_library_function
    _get_argv_nomalloc.o(.text) refers (Special) to hrguard.o(.text) for __heap_region$guard
    _get_argv_nomalloc.o(.text) refers to defsig_rtmem_outer.o(.text) for __rt_SIGRTMEM
    _get_argv_nomalloc.o(.text) refers to sys_command.o(.text) for _sys_command_string
    libshutdown.o(.ARM.Collect$$libshutdown$$00000000) refers (Special) to libshutdown2.o(.ARM.Collect$$libshutdown$$00000006) for __rt_lib_shutdown_fp_trap_1
    libshutdown.o(.ARM.Collect$$libshutdown$$00000000) refers (Special) to libshutdown2.o(.ARM.Collect$$libshutdown$$0000000E) for __rt_lib_shutdown_heap_1
    libshutdown.o(.ARM.Collect$$libshutdown$$00000000) refers (Special) to libshutdown2.o(.ARM.Collect$$libshutdown$$0000000F) for __rt_lib_shutdown_return
    libshutdown.o(.ARM.Collect$$libshutdown$$00000000) refers (Special) to libshutdown2.o(.ARM.Collect$$libshutdown$$00000009) for __rt_lib_shutdown_signal_1
    libshutdown.o(.ARM.Collect$$libshutdown$$00000000) refers (Special) to libshutdown2.o(.ARM.Collect$$libshutdown$$00000003) for __rt_lib_shutdown_stdio_1
    libshutdown.o(.ARM.Collect$$libshutdown$$00000000) refers (Special) to libshutdown2.o(.ARM.Collect$$libshutdown$$0000000B) for __rt_lib_shutdown_user_alloc_1
    sys_command.o(.text) refers (Special) to use_no_semi.o(.text) for __I$use$semihosting
    sys_command.o(.text) refers (Special) to indicate_semi.o(.text) for __semihosting_library_function
    defsig_rtmem_outer.o(.text) refers to defsig_rtmem_inner.o(.text) for __rt_SIGRTMEM_inner
    defsig_rtmem_outer.o(.text) refers to defsig_exit.o(.text) for __sig_exit
    defsig_rtmem_formal.o(.text) refers to rt_raise.o(.text) for __rt_raise
    rt_raise.o(.text) refers to __raise.o(.text) for __raise
    rt_raise.o(.text) refers to sys_exit.o(.text) for _sys_exit
    defsig_exit.o(.text) refers to sys_exit.o(.text) for _sys_exit
    defsig_rtmem_inner.o(.text) refers to defsig_general.o(.text) for __default_signal_display
    __raise.o(.text) refers to defsig.o(CL$$defsig) for __default_signal_handler
    defsig_general.o(.text) refers to sys_wrch.o(.text) for _ttywrch
    sys_wrch.o(.text) refers (Special) to use_no_semi.o(.text) for __I$use$semihosting
    sys_wrch.o(.text) refers (Special) to indicate_semi.o(.text) for __semihosting_library_function
    defsig.o(CL$$defsig) refers to defsig_rtmem_inner.o(.text) for __rt_SIGRTMEM_inner
    defsig_abrt_inner.o(.text) refers to defsig_general.o(.text) for __default_signal_display
    defsig_fpe_inner.o(.text) refers to defsig_general.o(.text) for __default_signal_display
    defsig_rtred_inner.o(.text) refers to defsig_general.o(.text) for __default_signal_display
    defsig_stak_inner.o(.text) refers to defsig_general.o(.text) for __default_signal_display
    defsig_pvfn_inner.o(.text) refers to defsig_general.o(.text) for __default_signal_display
    defsig_cppl_inner.o(.text) refers to defsig_general.o(.text) for __default_signal_display
    defsig_segv_inner.o(.text) refers to defsig_general.o(.text) for __default_signal_display
    defsig_other.o(.text) refers to defsig_general.o(.text) for __default_signal_display


==============================================================================

Removing Unused input sections from the image.

    Removing timer1.o(i.Timer1_Init), (96 bytes).
    Removing print.o(.text), (344 bytes).
    Removing st7735.o(i.Output_Clear), (10 bytes).
    Removing st7735.o(i.Output_Color), (12 bytes).
    Removing st7735.o(i.Output_Off), (8 bytes).
    Removing st7735.o(i.Output_On), (8 bytes).
    Removing st7735.o(i.ST7735_Color565), (24 bytes).
    Removing st7735.o(i.ST7735_DrawBitmapClear), (352 bytes).
    Removing st7735.o(i.ST7735_DrawChar), (268 bytes).
    Removing st7735.o(i.ST7735_DrawFastHLine), (124 bytes).
    Removing st7735.o(i.ST7735_DrawFastVLine), (124 bytes).
    Removing st7735.o(i.ST7735_InitB), (40 bytes).
    Removing st7735.o(i.ST7735_InvertDisplay), (22 bytes).
    Removing st7735.o(i.ST7735_OutChar), (212 bytes).
    Removing st7735.o(i.ST7735_OutString), (24 bytes).
    Removing st7735.o(i.ST7735_OutUDec), (140 bytes).
    Removing st7735.o(i.ST7735_PlotBar), (88 bytes).
    Removing st7735.o(i.ST7735_PlotClear), (92 bytes).
    Removing st7735.o(i.ST7735_PlotLine), (264 bytes).
    Removing st7735.o(i.ST7735_PlotNext), (32 bytes).
    Removing st7735.o(i.ST7735_PlotNextErase), (64 bytes).
    Removing st7735.o(i.ST7735_PlotPoint), (152 bytes).
    Removing st7735.o(i.ST7735_PlotPoints), (172 bytes).
    Removing st7735.o(i.ST7735_PlotdBfs), (60 bytes).
    Removing st7735.o(i.ST7735_SetRotation), (212 bytes).
    Removing st7735.o(i.ST7735_SetTextColor), (12 bytes).
    Removing st7735.o(i.ST7735_SwapColor), (18 bytes).
    Removing st7735.o(i.ferror), (8 bytes).
    Removing st7735.o(i.fgetc), (6 bytes).
    Removing st7735.o(i.fillmessage), (72 bytes).
    Removing st7735.o(i.fputc), (16 bytes).
    Removing st7735.o(.bss), (12 bytes).
    Removing donkeykong.o(i.Moveup), (88 bytes).

33 unused section(s) (total 3176 bytes) removed from the image.

==============================================================================

Image Symbol Table

    Local Symbols

    Symbol Name                              Value     Ov Type        Size  Object(Section)

    RESET                                    0x00000000   Section      644  startup.o(RESET)
    ../clib/angel/boardlib.s                 0x00000000   Number         0  boardshut.o ABSOLUTE
    ../clib/angel/boardlib.s                 0x00000000   Number         0  boardinit3.o ABSOLUTE
    ../clib/angel/boardlib.s                 0x00000000   Number         0  boardinit2.o ABSOLUTE
    ../clib/angel/boardlib.s                 0x00000000   Number         0  boardinit1.o ABSOLUTE
    ../clib/angel/dczerorl2.s                0x00000000   Number         0  __dczerorl2.o ABSOLUTE
    ../clib/angel/handlers.s                 0x00000000   Number         0  __scatter_zi.o ABSOLUTE
    ../clib/angel/kernel.s                   0x00000000   Number         0  rtentry4.o ABSOLUTE
    ../clib/angel/kernel.s                   0x00000000   Number         0  rtentry2.o ABSOLUTE
    ../clib/angel/kernel.s                   0x00000000   Number         0  rtentry.o ABSOLUTE
    ../clib/angel/kernel.s                   0x00000000   Number         0  rtexit2.o ABSOLUTE
    ../clib/angel/kernel.s                   0x00000000   Number         0  rtexit.o ABSOLUTE
    ../clib/angel/rt.s                       0x00000000   Number         0  rt_raise.o ABSOLUTE
    ../clib/angel/scatter.s                  0x00000000   Number         0  __scatter.o ABSOLUTE
    ../clib/angel/startup.s                  0x00000000   Number         0  __main.o ABSOLUTE
    ../clib/angel/sys.s                      0x00000000   Number         0  indicate_semi.o ABSOLUTE
    ../clib/angel/sys.s                      0x00000000   Number         0  use_no_semi.o ABSOLUTE
    ../clib/angel/sys.s                      0x00000000   Number         0  libspace.o ABSOLUTE
    ../clib/angel/sys.s                      0x00000000   Number         0  sys_stackheap_outer.o ABSOLUTE
    ../clib/angel/sysapp.c                   0x00000000   Number         0  sys_exit.o ABSOLUTE
    ../clib/angel/sysapp.c                   0x00000000   Number         0  sys_command.o ABSOLUTE
    ../clib/angel/sysapp.c                   0x00000000   Number         0  sys_wrch.o ABSOLUTE
    ../clib/armsys.c                         0x00000000   Number         0  _get_argv_nomalloc.o ABSOLUTE
    ../clib/armsys.c                         0x00000000   Number         0  no_argv.o ABSOLUTE
    ../clib/armsys.c                         0x00000000   Number         0  argv_veneer.o ABSOLUTE
    ../clib/armsys.c                         0x00000000   Number         0  argv_veneer.o ABSOLUTE
    ../clib/heapalloc.c                      0x00000000   Number         0  hrguard.o ABSOLUTE
    ../clib/heapaux.c                        0x00000000   Number         0  heapauxi.o ABSOLUTE
    ../clib/libinit.s                        0x00000000   Number         0  libshutdown.o ABSOLUTE
    ../clib/libinit.s                        0x00000000   Number         0  libshutdown2.o ABSOLUTE
    ../clib/libinit.s                        0x00000000   Number         0  libinit2.o ABSOLUTE
    ../clib/libinit.s                        0x00000000   Number         0  libinit.o ABSOLUTE
    ../clib/signal.c                         0x00000000   Number         0  defsig_exit.o ABSOLUTE
    ../clib/signal.c                         0x00000000   Number         0  defsig_abrt_inner.o ABSOLUTE
    ../clib/signal.c                         0x00000000   Number         0  defsig_rtmem_formal.o ABSOLUTE
    ../clib/signal.c                         0x00000000   Number         0  defsig_other.o ABSOLUTE
    ../clib/signal.c                         0x00000000   Number         0  defsig_rtmem_inner.o ABSOLUTE
    ../clib/signal.c                         0x00000000   Number         0  defsig_segv_inner.o ABSOLUTE
    ../clib/signal.c                         0x00000000   Number         0  defsig_cppl_inner.o ABSOLUTE
    ../clib/signal.c                         0x00000000   Number         0  defsig_pvfn_inner.o ABSOLUTE
    ../clib/signal.c                         0x00000000   Number         0  defsig_stak_inner.o ABSOLUTE
    ../clib/signal.c                         0x00000000   Number         0  defsig_rtred_inner.o ABSOLUTE
    ../clib/signal.c                         0x00000000   Number         0  defsig_fpe_inner.o ABSOLUTE
    ../clib/signal.c                         0x00000000   Number         0  defsig_rtmem_outer.o ABSOLUTE
    ../clib/signal.c                         0x00000000   Number         0  defsig_general.o ABSOLUTE
    ../clib/signal.c                         0x00000000   Number         0  __raise.o ABSOLUTE
    ../clib/signal.s                         0x00000000   Number         0  defsig.o ABSOLUTE
    ../clib/stdlib.c                         0x00000000   Number         0  exit.o ABSOLUTE
    ../fplib/fpinit.s                        0x00000000   Number         0  fpinit.o ABSOLUTE
    ADC.c                                    0x00000000   Number         0  adc.o ABSOLUTE
    DAC.c                                    0x00000000   Number         0  dac.o ABSOLUTE
    DonkeyKong.c                             0x00000000   Number         0  donkeykong.o ABSOLUTE
    LCD.s                                    0x00000000   Number         0  lcd.o ABSOLUTE
    PortF.c                                  0x00000000   Number         0  portf.o ABSOLUTE
    Print.s                                  0x00000000   Number         0  print.o ABSOLUTE
    ST7735.c                                 0x00000000   Number         0  st7735.o ABSOLUTE
    Sound.c                                  0x00000000   Number         0  sound.o ABSOLUTE
    TExaS.c                                  0x00000000   Number         0  texas.o ABSOLUTE
    Timer0.c                                 0x00000000   Number         0  timer0.o ABSOLUTE
    Timer1.c                                 0x00000000   Number         0  timer1.o ABSOLUTE
    dc.s                                     0x00000000   Number         0  dc.o ABSOLUTE
    random.s                                 0x00000000   Number         0  random.o ABSOLUTE
    startup.s                                0x00000000   Number         0  startup.o ABSOLUTE
    !!!main                                  0x00000284   Section        8  __main.o(!!!main)
    !!!scatter                               0x0000028c   Section       52  __scatter.o(!!!scatter)
    !!dczerorl2                              0x000002c0   Section       90  __dczerorl2.o(!!dczerorl2)
    !!handler_zi                             0x0000031c   Section       28  __scatter_zi.o(!!handler_zi)
    .ARM.Collect$$libinit$$00000000          0x00000338   Section        2  libinit.o(.ARM.Collect$$libinit$$00000000)
    .ARM.Collect$$libinit$$00000002          0x0000033a   Section        0  libinit2.o(.ARM.Collect$$libinit$$00000002)
    .ARM.Collect$$libinit$$00000008          0x0000033a   Section        0  libinit2.o(.ARM.Collect$$libinit$$00000008)
    .ARM.Collect$$libinit$$0000000A          0x0000033a   Section        0  libinit2.o(.ARM.Collect$$libinit$$0000000A)
    .ARM.Collect$$libinit$$0000000C          0x0000033a   Section        0  libinit2.o(.ARM.Collect$$libinit$$0000000C)
    .ARM.Collect$$libinit$$0000000F          0x0000033a   Section        0  libinit2.o(.ARM.Collect$$libinit$$0000000F)
    .ARM.Collect$$libinit$$00000011          0x0000033a   Section        0  libinit2.o(.ARM.Collect$$libinit$$00000011)
    .ARM.Collect$$libinit$$00000013          0x0000033a   Section        0  libinit2.o(.ARM.Collect$$libinit$$00000013)
    .ARM.Collect$$libinit$$00000015          0x0000033a   Section        0  libinit2.o(.ARM.Collect$$libinit$$00000015)
    .ARM.Collect$$libinit$$00000017          0x0000033a   Section        0  libinit2.o(.ARM.Collect$$libinit$$00000017)
    .ARM.Collect$$libinit$$00000019          0x0000033a   Section        0  libinit2.o(.ARM.Collect$$libinit$$00000019)
    .ARM.Collect$$libinit$$0000001B          0x0000033a   Section        0  libinit2.o(.ARM.Collect$$libinit$$0000001B)
    .ARM.Collect$$libinit$$0000001D          0x0000033a   Section        0  libinit2.o(.ARM.Collect$$libinit$$0000001D)
    .ARM.Collect$$libinit$$0000001F          0x0000033a   Section        0  libinit2.o(.ARM.Collect$$libinit$$0000001F)
    .ARM.Collect$$libinit$$00000021          0x0000033a   Section        0  libinit2.o(.ARM.Collect$$libinit$$00000021)
    .ARM.Collect$$libinit$$00000023          0x0000033a   Section        0  libinit2.o(.ARM.Collect$$libinit$$00000023)
    .ARM.Collect$$libinit$$0000002A          0x0000033a   Section        0  libinit2.o(.ARM.Collect$$libinit$$0000002A)
    .ARM.Collect$$libinit$$0000002C          0x0000033a   Section        0  libinit2.o(.ARM.Collect$$libinit$$0000002C)
    .ARM.Collect$$libinit$$0000002E          0x0000033a   Section        0  libinit2.o(.ARM.Collect$$libinit$$0000002E)
    .ARM.Collect$$libinit$$00000030          0x0000033a   Section        0  libinit2.o(.ARM.Collect$$libinit$$00000030)
    .ARM.Collect$$libinit$$00000031          0x0000033a   Section        2  libinit2.o(.ARM.Collect$$libinit$$00000031)
    .ARM.Collect$$libshutdown$$00000000      0x0000033c   Section        2  libshutdown.o(.ARM.Collect$$libshutdown$$00000000)
    .ARM.Collect$$libshutdown$$00000003      0x0000033e   Section        0  libshutdown2.o(.ARM.Collect$$libshutdown$$00000003)
    .ARM.Collect$$libshutdown$$00000006      0x0000033e   Section        0  libshutdown2.o(.ARM.Collect$$libshutdown$$00000006)
    .ARM.Collect$$libshutdown$$00000009      0x0000033e   Section        0  libshutdown2.o(.ARM.Collect$$libshutdown$$00000009)
    .ARM.Collect$$libshutdown$$0000000B      0x0000033e   Section        0  libshutdown2.o(.ARM.Collect$$libshutdown$$0000000B)
    .ARM.Collect$$libshutdown$$0000000E      0x0000033e   Section        0  libshutdown2.o(.ARM.Collect$$libshutdown$$0000000E)
    .ARM.Collect$$libshutdown$$0000000F      0x0000033e   Section        2  libshutdown2.o(.ARM.Collect$$libshutdown$$0000000F)
    .ARM.Collect$$rtentry$$00000000          0x00000340   Section        0  rtentry.o(.ARM.Collect$$rtentry$$00000000)
    .ARM.Collect$$rtentry$$00000002          0x00000340   Section        0  rtentry2.o(.ARM.Collect$$rtentry$$00000002)
    .ARM.Collect$$rtentry$$00000004          0x00000340   Section        6  rtentry4.o(.ARM.Collect$$rtentry$$00000004)
    .ARM.Collect$$rtentry$$00000009          0x00000346   Section        0  rtentry2.o(.ARM.Collect$$rtentry$$00000009)
    .ARM.Collect$$rtentry$$0000000A          0x00000346   Section        4  rtentry2.o(.ARM.Collect$$rtentry$$0000000A)
    .ARM.Collect$$rtentry$$0000000C          0x0000034a   Section        0  rtentry2.o(.ARM.Collect$$rtentry$$0000000C)
    .ARM.Collect$$rtentry$$0000000D          0x0000034a   Section        8  rtentry2.o(.ARM.Collect$$rtentry$$0000000D)
    .ARM.Collect$$rtexit$$00000000           0x00000352   Section        2  rtexit.o(.ARM.Collect$$rtexit$$00000000)
    .ARM.Collect$$rtexit$$00000002           0x00000354   Section        0  rtexit2.o(.ARM.Collect$$rtexit$$00000002)
    .ARM.Collect$$rtexit$$00000003           0x00000354   Section        4  rtexit2.o(.ARM.Collect$$rtexit$$00000003)
    .ARM.Collect$$rtexit$$00000004           0x00000358   Section        6  rtexit2.o(.ARM.Collect$$rtexit$$00000004)
    .text                                    0x00000360   Section       48  startup.o(.text)
    .text                                    0x00000390   Section       60  random.o(.text)
    .text                                    0x000003cc   Section       76  lcd.o(.text)
    .text                                    0x00000418   Section        0  texas.o(.text)
    .text                                    0x000008b8   Section        0  heapauxi.o(.text)
    .text                                    0x000008be   Section       74  sys_stackheap_outer.o(.text)
    .text                                    0x00000908   Section        0  exit.o(.text)
    .text                                    0x00000914   Section        8  libspace.o(.text)
    .text                                    0x0000091c   Section        0  sys_exit.o(.text)
    .text                                    0x00000928   Section        2  use_no_semi.o(.text)
    .text                                    0x0000092a   Section        0  indicate_semi.o(.text)
    i.ADC_Init                               0x0000092c   Section        0  adc.o(i.ADC_Init)
    i.Characters_Init                        0x00000a30   Section        0  donkeykong.o(i.Characters_Init)
    i.DAC_Init                               0x00000aec   Section        0  dac.o(i.DAC_Init)
    i.DAC_Out                                0x00000b30   Section        0  dac.o(i.DAC_Out)
    i.Delay100ms                             0x00000b3c   Section        0  donkeykong.o(i.Delay100ms)
    i.Delay1ms                               0x00000b60   Section        0  st7735.o(i.Delay1ms)
    i.GPIOPortF_Handler                      0x00000b80   Section        0  donkeykong.o(i.GPIOPortF_Handler)
    i.Move                                   0x00000bd8   Section        0  donkeykong.o(i.Move)
    i.Movedown                               0x00000c90   Section        0  donkeykong.o(i.Movedown)
    i.Moveleft                               0x00000ce8   Section        0  donkeykong.o(i.Moveleft)
    i.Moveright                              0x00000d40   Section        0  donkeykong.o(i.Moveright)
    i.Output_Init                            0x00000d98   Section        0  st7735.o(i.Output_Init)
    i.PortF_Init                             0x00000da8   Section        0  portf.o(i.PortF_Init)
    i.ST7735_DrawBitmap                      0x00000e90   Section        0  st7735.o(i.ST7735_DrawBitmap)
    i.ST7735_DrawCharS                       0x00000fb0   Section        0  st7735.o(i.ST7735_DrawCharS)
    i.ST7735_DrawPixel                       0x000010a4   Section        0  st7735.o(i.ST7735_DrawPixel)
    i.ST7735_DrawString                      0x000010ec   Section        0  st7735.o(i.ST7735_DrawString)
    i.ST7735_FillRect                        0x00001144   Section        0  st7735.o(i.ST7735_FillRect)
    i.ST7735_FillScreen                      0x000011f0   Section        0  st7735.o(i.ST7735_FillScreen)
    i.ST7735_InitR                           0x00001214   Section        0  st7735.o(i.ST7735_InitR)
    i.ST7735_SetCursor                       0x00001290   Section        0  st7735.o(i.ST7735_SetCursor)
    i.Sound_Init                             0x000012b0   Section        0  sound.o(i.Sound_Init)
    i.Sound_Jump                             0x0000135c   Section        0  sound.o(i.Sound_Jump)
    i.Sound_Play                             0x00001388   Section        0  sound.o(i.Sound_Play)
    i.Sound_gameover                         0x000013a4   Section        0  sound.o(i.Sound_gameover)
    i.Sound_intro                            0x000013d0   Section        0  sound.o(i.Sound_intro)
    i.Sound_pause                            0x000013fc   Section        0  sound.o(i.Sound_pause)
    i.Sound_points                           0x00001428   Section        0  sound.o(i.Sound_points)
    i.SysTick_Handler                        0x00001454   Section        0  donkeykong.o(i.SysTick_Handler)
    i.SysTick_Init                           0x00001700   Section        0  donkeykong.o(i.SysTick_Init)
    i.Timer0A_Handler                        0x00001734   Section        0  timer0.o(i.Timer0A_Handler)
    i.Timer0_Init                            0x0000174c   Section        0  timer0.o(i.Timer0_Init)
    i.Timer1A_Handler                        0x000017ac   Section        0  timer1.o(i.Timer1A_Handler)
    i.checkADC                               0x000017c4   Section        0  donkeykong.o(i.checkADC)
    i.commandList                            0x00001a20   Section        0  st7735.o(i.commandList)
    commandList                              0x00001a21   Thumb Code    86  st7735.o(i.commandList)
    i.commonInit                             0x00001a78   Section        0  st7735.o(i.commonInit)
    commonInit                               0x00001a79   Thumb Code   340  st7735.o(i.commonInit)
    i.draw_Ladder1                           0x00001bfc   Section        0  donkeykong.o(i.draw_Ladder1)
    i.draw_Stage1                            0x00001d6c   Section        0  donkeykong.o(i.draw_Stage1)
    i.draw_init_characters                   0x00001fb4   Section        0  donkeykong.o(i.draw_init_characters)
    i.fireball_collision                     0x00001fec   Section        0  donkeykong.o(i.fireball_collision)
    i.main                                   0x0000207c   Section        0  donkeykong.o(i.main)
    i.mario_platform_left                    0x000023c4   Section        0  donkeykong.o(i.mario_platform_left)
    i.mario_platform_right                   0x000026d8   Section        0  donkeykong.o(i.mario_platform_right)
    i.pushColor                              0x000029ec   Section        0  st7735.o(i.pushColor)
    pushColor                                0x000029ed   Thumb Code    18  st7735.o(i.pushColor)
    i.setAddrWindow                          0x00002a00   Section        0  st7735.o(i.setAddrWindow)
    setAddrWindow                            0x00002a01   Thumb Code   106  st7735.o(i.setAddrWindow)
    i.update_Fire                            0x00002a74   Section        0  donkeykong.o(i.update_Fire)
    i.x_ADC_In                               0x00003014   Section        0  adc.o(i.x_ADC_In)
    i.y_ADC_In                               0x00003040   Section        0  adc.o(i.y_ADC_In)
    .constdata                               0x0000306c   Section    158428  sound.o(.constdata)
    .constdata                               0x00029b48   Section     2018  st7735.o(.constdata)
    Font                                     0x00029b48   Data        1275  st7735.o(.constdata)
    Bcmd                                     0x0002a043   Data         103  st7735.o(.constdata)
    Rcmd1                                    0x0002a0aa   Data          59  st7735.o(.constdata)
    Rcmd2green                               0x0002a0e5   Data          13  st7735.o(.constdata)
    Rcmd2red                                 0x0002a0f2   Data          13  st7735.o(.constdata)
    Rcmd3                                    0x0002a0ff   Data          43  st7735.o(.constdata)
    .constdata                               0x0002a32a   Section     7982  donkeykong.o(.constdata)
    .constdata                               0x0002c258   Section      240  texas.o(.constdata)
    .data                                    0x20000000   Section        4  timer0.o(.data)
    .data                                    0x20000004   Section        4  timer1.o(.data)
    .data                                    0x20000008   Section       16  sound.o(.data)
    .data                                    0x20000018   Section       44  st7735.o(.data)
    _width                                   0x20000022   Data           2  st7735.o(.data)
    _height                                  0x20000024   Data           2  st7735.o(.data)
    ColStart                                 0x2000002c   Data           1  st7735.o(.data)
    RowStart                                 0x2000002d   Data           1  st7735.o(.data)
    Rotation                                 0x2000002e   Data           1  st7735.o(.data)
    TabColor                                 0x2000002f   Data           1  st7735.o(.data)
    .data                                    0x20000044   Section     1188  donkeykong.o(.data)
    .data                                    0x200004e8   Section       48  texas.o(.data)
    DATA                                     0x20000518   Section        4  random.o(DATA)
    M                                        0x20000518   Data           4  random.o(DATA)
    .bss                                     0x20000520   Section       56  texas.o(.bss)
    .bss                                     0x20000558   Section       96  libspace.o(.bss)
    HEAP                                     0x200005b8   Section        0  startup.o(HEAP)
    STACK                                    0x200005b8   Section     1024  startup.o(STACK)
    HeapMem                                  0x200005b8   Data           0  startup.o(HEAP)
    StackMem                                 0x200005b8   Data           0  startup.o(STACK)

    Global Symbols

    Symbol Name                              Value     Ov Type        Size  Object(Section)

    BuildAttributes$$THM_ISAv4$E$P$D$K$B$S$7EM$PE$A:L22UL41UL21$X:L11$S22US41US21$IEEE1$IW$USESV6$~STKCKD$USESV7$~SHL$OSPACE$ROPI$EBA8$UX$STANDARDLIB$REQ8$PRES8$EABIv2 0x00000000   Number         0  anon$$obj.o ABSOLUTE
    __ARM_use_no_argv                        0x00000000   Number         0  donkeykong.o ABSOLUTE
    __Vectors                                0x00000000   Data           0  startup.o(RESET)
    __ARM_exceptions_init                     - Undefined Weak Reference
    __alloca_initialize                       - Undefined Weak Reference
    __cpp_initialize__aeabi_                  - Undefined Weak Reference
    __cxa_finalize                            - Undefined Weak Reference
    __rt_locale                               - Undefined Weak Reference
    __sigvec_lookup                           - Undefined Weak Reference
    _atexit_init                              - Undefined Weak Reference
    _call_atexit_fns                          - Undefined Weak Reference
    _clock_init                               - Undefined Weak Reference
    _fp_trap_init                             - Undefined Weak Reference
    _fp_trap_shutdown                         - Undefined Weak Reference
    _get_lc_collate                           - Undefined Weak Reference
    _get_lc_ctype                             - Undefined Weak Reference
    _get_lc_monetary                          - Undefined Weak Reference
    _get_lc_numeric                           - Undefined Weak Reference
    _get_lc_time                              - Undefined Weak Reference
    _getenv_init                              - Undefined Weak Reference
    _handle_redirection                       - Undefined Weak Reference
    _init_alloc                               - Undefined Weak Reference
    _init_user_alloc                          - Undefined Weak Reference
    _initio                                   - Undefined Weak Reference
    _rand_init                                - Undefined Weak Reference
    _signal_finish                            - Undefined Weak Reference
    _signal_init                              - Undefined Weak Reference
    _terminate_alloc                          - Undefined Weak Reference
    _terminate_user_alloc                     - Undefined Weak Reference
    _terminateio                              - Undefined Weak Reference
    Reset_Handler                            0x0000026d   Thumb Code     0  startup.o(RESET)
    NMI_Handler                              0x00000271   Thumb Code     2  startup.o(RESET)
    HardFault_Handler                        0x00000273   Thumb Code     2  startup.o(RESET)
    MemManage_Handler                        0x00000275   Thumb Code     2  startup.o(RESET)
    BusFault_Handler                         0x00000277   Thumb Code     2  startup.o(RESET)
    UsageFault_Handler                       0x00000279   Thumb Code     2  startup.o(RESET)
    SVC_Handler                              0x0000027b   Thumb Code     2  startup.o(RESET)
    DebugMon_Handler                         0x0000027d   Thumb Code     2  startup.o(RESET)
    PendSV_Handler                           0x0000027f   Thumb Code     2  startup.o(RESET)
    ADC0Seq0_Handler                         0x00000283   Thumb Code     0  startup.o(RESET)
    ADC0Seq1_Handler                         0x00000283   Thumb Code     0  startup.o(RESET)
    ADC0Seq2_Handler                         0x00000283   Thumb Code     0  startup.o(RESET)
    ADC0Seq3_Handler                         0x00000283   Thumb Code     0  startup.o(RESET)
    ADC1Seq0_Handler                         0x00000283   Thumb Code     0  startup.o(RESET)
    ADC1Seq1_Handler                         0x00000283   Thumb Code     0  startup.o(RESET)
    ADC1Seq2_Handler                         0x00000283   Thumb Code     0  startup.o(RESET)
    ADC1Seq3_Handler                         0x00000283   Thumb Code     0  startup.o(RESET)
    CAN0_Handler                             0x00000283   Thumb Code     0  startup.o(RESET)
    CAN1_Handler                             0x00000283   Thumb Code     0  startup.o(RESET)
    CAN2_Handler                             0x00000283   Thumb Code     0  startup.o(RESET)
    Comp0_Handler                            0x00000283   Thumb Code     0  startup.o(RESET)
    Comp1_Handler                            0x00000283   Thumb Code     0  startup.o(RESET)
    Comp2_Handler                            0x00000283   Thumb Code     0  startup.o(RESET)
    Ethernet_Handler                         0x00000283   Thumb Code     0  startup.o(RESET)
    ExtBus_Handler                           0x00000283   Thumb Code     0  startup.o(RESET)
    FPU_Handler                              0x00000283   Thumb Code     0  startup.o(RESET)
    Fan0_Handler                             0x00000283   Thumb Code     0  startup.o(RESET)
    FlashCtl_Handler                         0x00000283   Thumb Code     0  startup.o(RESET)
    GPIOPortA_Handler                        0x00000283   Thumb Code     0  startup.o(RESET)
    GPIOPortB_Handler                        0x00000283   Thumb Code     0  startup.o(RESET)
    GPIOPortC_Handler                        0x00000283   Thumb Code     0  startup.o(RESET)
    GPIOPortD_Handler                        0x00000283   Thumb Code     0  startup.o(RESET)
    GPIOPortE_Handler                        0x00000283   Thumb Code     0  startup.o(RESET)
    GPIOPortG_Handler                        0x00000283   Thumb Code     0  startup.o(RESET)
    GPIOPortH_Handler                        0x00000283   Thumb Code     0  startup.o(RESET)
    GPIOPortJ_Handler                        0x00000283   Thumb Code     0  startup.o(RESET)
    GPIOPortK_Handler                        0x00000283   Thumb Code     0  startup.o(RESET)
    GPIOPortL_Handler                        0x00000283   Thumb Code     0  startup.o(RESET)
    GPIOPortM_Handler                        0x00000283   Thumb Code     0  startup.o(RESET)
    GPIOPortN_Handler                        0x00000283   Thumb Code     0  startup.o(RESET)
    GPIOPortP1_Handler                       0x00000283   Thumb Code     0  startup.o(RESET)
    GPIOPortP2_Handler                       0x00000283   Thumb Code     0  startup.o(RESET)
    GPIOPortP3_Handler                       0x00000283   Thumb Code     0  startup.o(RESET)
    GPIOPortP4_Handler                       0x00000283   Thumb Code     0  startup.o(RESET)
    GPIOPortP5_Handler                       0x00000283   Thumb Code     0  startup.o(RESET)
    GPIOPortP6_Handler                       0x00000283   Thumb Code     0  startup.o(RESET)
    GPIOPortP7_Handler                       0x00000283   Thumb Code     0  startup.o(RESET)
    GPIOPortP_Handler                        0x00000283   Thumb Code     0  startup.o(RESET)
    GPIOPortQ1_Handler                       0x00000283   Thumb Code     0  startup.o(RESET)
    GPIOPortQ2_Handler                       0x00000283   Thumb Code     0  startup.o(RESET)
    GPIOPortQ3_Handler                       0x00000283   Thumb Code     0  startup.o(RESET)
    GPIOPortQ4_Handler                       0x00000283   Thumb Code     0  startup.o(RESET)
    GPIOPortQ5_Handler                       0x00000283   Thumb Code     0  startup.o(RESET)
    GPIOPortQ6_Handler                       0x00000283   Thumb Code     0  startup.o(RESET)
    GPIOPortQ7_Handler                       0x00000283   Thumb Code     0  startup.o(RESET)
    GPIOPortQ_Handler                        0x00000283   Thumb Code     0  startup.o(RESET)
    GPIOPortR_Handler                        0x00000283   Thumb Code     0  startup.o(RESET)
    GPIOPortS_Handler                        0x00000283   Thumb Code     0  startup.o(RESET)
    Hibernate_Handler                        0x00000283   Thumb Code     0  startup.o(RESET)
    I2C0_Handler                             0x00000283   Thumb Code     0  startup.o(RESET)
    I2C1_Handler                             0x00000283   Thumb Code     0  startup.o(RESET)
    I2C2_Handler                             0x00000283   Thumb Code     0  startup.o(RESET)
    I2C3_Handler                             0x00000283   Thumb Code     0  startup.o(RESET)
    I2C4_Handler                             0x00000283   Thumb Code     0  startup.o(RESET)
    I2C5_Handler                             0x00000283   Thumb Code     0  startup.o(RESET)
    I2S0_Handler                             0x00000283   Thumb Code     0  startup.o(RESET)
    LPC0_Handler                             0x00000283   Thumb Code     0  startup.o(RESET)
    PECI0_Handler                            0x00000283   Thumb Code     0  startup.o(RESET)
    PWM0Fault_Handler                        0x00000283   Thumb Code     0  startup.o(RESET)
    PWM0Generator0_Handler                   0x00000283   Thumb Code     0  startup.o(RESET)
    PWM0Generator1_Handler                   0x00000283   Thumb Code     0  startup.o(RESET)
    PWM0Generator2_Handler                   0x00000283   Thumb Code     0  startup.o(RESET)
    PWM0Generator3_Handler                   0x00000283   Thumb Code     0  startup.o(RESET)
    PWM1Fault_Handler                        0x00000283   Thumb Code     0  startup.o(RESET)
    PWM1Generator0_Handler                   0x00000283   Thumb Code     0  startup.o(RESET)
    PWM1Generator1_Handler                   0x00000283   Thumb Code     0  startup.o(RESET)
    PWM1Generator2_Handler                   0x00000283   Thumb Code     0  startup.o(RESET)
    PWM1Generator3_Handler                   0x00000283   Thumb Code     0  startup.o(RESET)
    Quadrature0_Handler                      0x00000283   Thumb Code     0  startup.o(RESET)
    Quadrature1_Handler                      0x00000283   Thumb Code     0  startup.o(RESET)
    Quadrature2_Handler                      0x00000283   Thumb Code     0  startup.o(RESET)
    SSI0_Handler                             0x00000283   Thumb Code     0  startup.o(RESET)
    SSI1_Handler                             0x00000283   Thumb Code     0  startup.o(RESET)
    SSI2_Handler                             0x00000283   Thumb Code     0  startup.o(RESET)
    SSI3_Handler                             0x00000283   Thumb Code     0  startup.o(RESET)
    SysCtl_Handler                           0x00000283   Thumb Code     0  startup.o(RESET)
    Timer0B_Handler                          0x00000283   Thumb Code     0  startup.o(RESET)
    Timer1B_Handler                          0x00000283   Thumb Code     0  startup.o(RESET)
    Timer2A_Handler                          0x00000283   Thumb Code     0  startup.o(RESET)
    Timer2B_Handler                          0x00000283   Thumb Code     0  startup.o(RESET)
    Timer3A_Handler                          0x00000283   Thumb Code     0  startup.o(RESET)
    Timer3B_Handler                          0x00000283   Thumb Code     0  startup.o(RESET)
    Timer4B_Handler                          0x00000283   Thumb Code     0  startup.o(RESET)
    Timer5B_Handler                          0x00000283   Thumb Code     0  startup.o(RESET)
    UART0_Handler                            0x00000283   Thumb Code     0  startup.o(RESET)
    UART1_Handler                            0x00000283   Thumb Code     0  startup.o(RESET)
    UART2_Handler                            0x00000283   Thumb Code     0  startup.o(RESET)
    UART3_Handler                            0x00000283   Thumb Code     0  startup.o(RESET)
    UART4_Handler                            0x00000283   Thumb Code     0  startup.o(RESET)
    UART5_Handler                            0x00000283   Thumb Code     0  startup.o(RESET)
    UART6_Handler                            0x00000283   Thumb Code     0  startup.o(RESET)
    UART7_Handler                            0x00000283   Thumb Code     0  startup.o(RESET)
    USB0_Handler                             0x00000283   Thumb Code     0  startup.o(RESET)
    WDT_Handler                              0x00000283   Thumb Code     0  startup.o(RESET)
    WideTimer0A_Handler                      0x00000283   Thumb Code     0  startup.o(RESET)
    WideTimer0B_Handler                      0x00000283   Thumb Code     0  startup.o(RESET)
    WideTimer1A_Handler                      0x00000283   Thumb Code     0  startup.o(RESET)
    WideTimer1B_Handler                      0x00000283   Thumb Code     0  startup.o(RESET)
    WideTimer2A_Handler                      0x00000283   Thumb Code     0  startup.o(RESET)
    WideTimer2B_Handler                      0x00000283   Thumb Code     0  startup.o(RESET)
    WideTimer3A_Handler                      0x00000283   Thumb Code     0  startup.o(RESET)
    WideTimer3B_Handler                      0x00000283   Thumb Code     0  startup.o(RESET)
    WideTimer4A_Handler                      0x00000283   Thumb Code     0  startup.o(RESET)
    WideTimer4B_Handler                      0x00000283   Thumb Code     0  startup.o(RESET)
    WideTimer5A_Handler                      0x00000283   Thumb Code     0  startup.o(RESET)
    WideTimer5B_Handler                      0x00000283   Thumb Code     0  startup.o(RESET)
    uDMA_Error                               0x00000283   Thumb Code     0  startup.o(RESET)
    uDMA_Handler                             0x00000283   Thumb Code     0  startup.o(RESET)
    __main                                   0x00000285   Thumb Code     8  __main.o(!!!main)
    __scatterload                            0x0000028d   Thumb Code     0  __scatter.o(!!!scatter)
    __scatterload_rt2                        0x0000028d   Thumb Code    44  __scatter.o(!!!scatter)
    __scatterload_rt2_thumb_only             0x0000028d   Thumb Code     0  __scatter.o(!!!scatter)
    __scatterload_null                       0x0000029b   Thumb Code     0  __scatter.o(!!!scatter)
    __decompress                             0x000002c1   Thumb Code    90  __dczerorl2.o(!!dczerorl2)
    __decompress1                            0x000002c1   Thumb Code     0  __dczerorl2.o(!!dczerorl2)
    __scatterload_zeroinit                   0x0000031d   Thumb Code    28  __scatter_zi.o(!!handler_zi)
    __rt_lib_init                            0x00000339   Thumb Code     0  libinit.o(.ARM.Collect$$libinit$$00000000)
    __rt_lib_init_alloca_1                   0x0000033b   Thumb Code     0  libinit2.o(.ARM.Collect$$libinit$$0000002C)
    __rt_lib_init_argv_1                     0x0000033b   Thumb Code     0  libinit2.o(.ARM.Collect$$libinit$$0000002A)
    __rt_lib_init_atexit_1                   0x0000033b   Thumb Code     0  libinit2.o(.ARM.Collect$$libinit$$00000019)
    __rt_lib_init_clock_1                    0x0000033b   Thumb Code     0  libinit2.o(.ARM.Collect$$libinit$$0000001F)
    __rt_lib_init_cpp_1                      0x0000033b   Thumb Code     0  libinit2.o(.ARM.Collect$$libinit$$00000030)
    __rt_lib_init_exceptions_1               0x0000033b   Thumb Code     0  libinit2.o(.ARM.Collect$$libinit$$0000002E)
    __rt_lib_init_fp_1                       0x0000033b   Thumb Code     0  libinit2.o(.ARM.Collect$$libinit$$00000002)
    __rt_lib_init_fp_trap_1                  0x0000033b   Thumb Code     0  libinit2.o(.ARM.Collect$$libinit$$0000001D)
    __rt_lib_init_getenv_1                   0x0000033b   Thumb Code     0  libinit2.o(.ARM.Collect$$libinit$$00000021)
    __rt_lib_init_heap_1                     0x0000033b   Thumb Code     0  libinit2.o(.ARM.Collect$$libinit$$00000008)
    __rt_lib_init_lc_collate_1               0x0000033b   Thumb Code     0  libinit2.o(.ARM.Collect$$libinit$$0000000F)
    __rt_lib_init_lc_ctype_1                 0x0000033b   Thumb Code     0  libinit2.o(.ARM.Collect$$libinit$$00000011)
    __rt_lib_init_lc_monetary_1              0x0000033b   Thumb Code     0  libinit2.o(.ARM.Collect$$libinit$$00000013)
    __rt_lib_init_lc_numeric_1               0x0000033b   Thumb Code     0  libinit2.o(.ARM.Collect$$libinit$$00000015)
    __rt_lib_init_lc_time_1                  0x0000033b   Thumb Code     0  libinit2.o(.ARM.Collect$$libinit$$00000017)
    __rt_lib_init_rand_1                     0x0000033b   Thumb Code     0  libinit2.o(.ARM.Collect$$libinit$$0000000C)
    __rt_lib_init_return                     0x0000033b   Thumb Code     0  libinit2.o(.ARM.Collect$$libinit$$00000031)
    __rt_lib_init_signal_1                   0x0000033b   Thumb Code     0  libinit2.o(.ARM.Collect$$libinit$$0000001B)
    __rt_lib_init_stdio_1                    0x0000033b   Thumb Code     0  libinit2.o(.ARM.Collect$$libinit$$00000023)
    __rt_lib_init_user_alloc_1               0x0000033b   Thumb Code     0  libinit2.o(.ARM.Collect$$libinit$$0000000A)
    __rt_lib_shutdown                        0x0000033d   Thumb Code     0  libshutdown.o(.ARM.Collect$$libshutdown$$00000000)
    __rt_lib_shutdown_fp_trap_1              0x0000033f   Thumb Code     0  libshutdown2.o(.ARM.Collect$$libshutdown$$00000006)
    __rt_lib_shutdown_heap_1                 0x0000033f   Thumb Code     0  libshutdown2.o(.ARM.Collect$$libshutdown$$0000000E)
    __rt_lib_shutdown_return                 0x0000033f   Thumb Code     0  libshutdown2.o(.ARM.Collect$$libshutdown$$0000000F)
    __rt_lib_shutdown_signal_1               0x0000033f   Thumb Code     0  libshutdown2.o(.ARM.Collect$$libshutdown$$00000009)
    __rt_lib_shutdown_stdio_1                0x0000033f   Thumb Code     0  libshutdown2.o(.ARM.Collect$$libshutdown$$00000003)
    __rt_lib_shutdown_user_alloc_1           0x0000033f   Thumb Code     0  libshutdown2.o(.ARM.Collect$$libshutdown$$0000000B)
    __rt_entry                               0x00000341   Thumb Code     0  rtentry.o(.ARM.Collect$$rtentry$$00000000)
    __rt_entry_presh_1                       0x00000341   Thumb Code     0  rtentry2.o(.ARM.Collect$$rtentry$$00000002)
    __rt_entry_sh                            0x00000341   Thumb Code     0  rtentry4.o(.ARM.Collect$$rtentry$$00000004)
    __rt_entry_li                            0x00000347   Thumb Code     0  rtentry2.o(.ARM.Collect$$rtentry$$0000000A)
    __rt_entry_postsh_1                      0x00000347   Thumb Code     0  rtentry2.o(.ARM.Collect$$rtentry$$00000009)
    __rt_entry_main                          0x0000034b   Thumb Code     0  rtentry2.o(.ARM.Collect$$rtentry$$0000000D)
    __rt_entry_postli_1                      0x0000034b   Thumb Code     0  rtentry2.o(.ARM.Collect$$rtentry$$0000000C)
    __rt_exit                                0x00000353   Thumb Code     0  rtexit.o(.ARM.Collect$$rtexit$$00000000)
    __rt_exit_ls                             0x00000355   Thumb Code     0  rtexit2.o(.ARM.Collect$$rtexit$$00000003)
    __rt_exit_prels_1                        0x00000355   Thumb Code     0  rtexit2.o(.ARM.Collect$$rtexit$$00000002)
    __rt_exit_exit                           0x00000359   Thumb Code     0  rtexit2.o(.ARM.Collect$$rtexit$$00000004)
    DisableInterrupts                        0x00000361   Thumb Code     0  startup.o(.text)
    EnableInterrupts                         0x00000365   Thumb Code     0  startup.o(.text)
    StartCritical                            0x00000369   Thumb Code     0  startup.o(.text)
    EndCritical                              0x00000371   Thumb Code     0  startup.o(.text)
    WaitForInterrupt                         0x00000377   Thumb Code     0  startup.o(.text)
    __user_initial_stackheap                 0x0000037b   Thumb Code     0  startup.o(.text)
    Random_Init                              0x00000391   Thumb Code     0  random.o(.text)
    Random32                                 0x00000397   Thumb Code     2  random.o(.text)
    Random                                   0x000003a9   Thumb Code     2  random.o(.text)
    writecommand                             0x000003cd   Thumb Code     0  lcd.o(.text)
    writedata                                0x000003f1   Thumb Code     0  lcd.o(.text)
    ADC1_Init                                0x00000419   Thumb Code   170  texas.o(.text)
    SetCode                                  0x000004c3   Thumb Code    20  texas.o(.text)
    UART0_Init                               0x000004d7   Thumb Code   162  texas.o(.text)
    SetCourse                                0x00000579   Thumb Code    22  texas.o(.text)
    PLL_Init                                 0x0000058f   Thumb Code   118  texas.o(.text)
    TExaS_Init                               0x00000605   Thumb Code   282  texas.o(.text)
    StopTimer4                               0x0000071f   Thumb Code    16  texas.o(.text)
    StartTimer4                              0x0000072f   Thumb Code    24  texas.o(.text)
    Timer4A_Handler                          0x00000747   Thumb Code    20  texas.o(.text)
    ADC1_In                                  0x0000075b   Thumb Code     6  texas.o(.text)
    Timer5A_Handler                          0x00000761   Thumb Code    34  texas.o(.text)
    TExaS_Stop                               0x00000783   Thumb Code    18  texas.o(.text)
    copy                                     0x00000795   Thumb Code    16  texas.o(.text)
    SetMode                                  0x000007a5   Thumb Code    22  texas.o(.text)
    UART0_InChar                             0x000007bb   Thumb Code    20  texas.o(.text)
    UART0_InCharNonBlocking                  0x000007cf   Thumb Code    22  texas.o(.text)
    UART0_OutChar                            0x000007e5   Thumb Code   200  texas.o(.text)
    UART0_OutCharNonBlock                    0x000008ad   Thumb Code     6  texas.o(.text)
    __use_two_region_memory                  0x000008b9   Thumb Code     2  heapauxi.o(.text)
    __rt_heap_escrow$2region                 0x000008bb   Thumb Code     2  heapauxi.o(.text)
    __rt_heap_expand$2region                 0x000008bd   Thumb Code     2  heapauxi.o(.text)
    __user_setup_stackheap                   0x000008bf   Thumb Code    74  sys_stackheap_outer.o(.text)
    exit                                     0x00000909   Thumb Code    12  exit.o(.text)
    __user_libspace                          0x00000915   Thumb Code     8  libspace.o(.text)
    __user_perproc_libspace                  0x00000915   Thumb Code     0  libspace.o(.text)
    __user_perthread_libspace                0x00000915   Thumb Code     0  libspace.o(.text)
    _sys_exit                                0x0000091d   Thumb Code     8  sys_exit.o(.text)
    __I$use$semihosting                      0x00000929   Thumb Code     0  use_no_semi.o(.text)
    __use_no_semihosting_swi                 0x00000929   Thumb Code     2  use_no_semi.o(.text)
    __semihosting_library_function           0x0000092b   Thumb Code     0  indicate_semi.o(.text)
    ADC_Init                                 0x0000092d   Thumb Code   226  adc.o(i.ADC_Init)
    Characters_Init                          0x00000a31   Thumb Code   174  donkeykong.o(i.Characters_Init)
    DAC_Init                                 0x00000aed   Thumb Code    56  dac.o(i.DAC_Init)
    DAC_Out                                  0x00000b31   Thumb Code     6  dac.o(i.DAC_Out)
    Delay100ms                               0x00000b3d   Thumb Code    30  donkeykong.o(i.Delay100ms)
    Delay1ms                                 0x00000b61   Thumb Code    32  st7735.o(i.Delay1ms)
    GPIOPortF_Handler                        0x00000b81   Thumb Code    72  donkeykong.o(i.GPIOPortF_Handler)
    Move                                     0x00000bd9   Thumb Code   180  donkeykong.o(i.Move)
    Movedown                                 0x00000c91   Thumb Code    84  donkeykong.o(i.Movedown)
    Moveleft                                 0x00000ce9   Thumb Code    84  donkeykong.o(i.Moveleft)
    Moveright                                0x00000d41   Thumb Code    84  donkeykong.o(i.Moveright)
    Output_Init                              0x00000d99   Thumb Code    16  st7735.o(i.Output_Init)
    PortF_Init                               0x00000da9   Thumb Code   208  portf.o(i.PortF_Init)
    ST7735_DrawBitmap                        0x00000e91   Thumb Code   280  st7735.o(i.ST7735_DrawBitmap)
    ST7735_DrawCharS                         0x00000fb1   Thumb Code   232  st7735.o(i.ST7735_DrawCharS)
    ST7735_DrawPixel                         0x000010a5   Thumb Code    64  st7735.o(i.ST7735_DrawPixel)
    ST7735_DrawString                        0x000010ed   Thumb Code    86  st7735.o(i.ST7735_DrawString)
    ST7735_FillRect                          0x00001145   Thumb Code   164  st7735.o(i.ST7735_FillRect)
    ST7735_FillScreen                        0x000011f1   Thumb Code    28  st7735.o(i.ST7735_FillScreen)
    ST7735_InitR                             0x00001215   Thumb Code    90  st7735.o(i.ST7735_InitR)
    ST7735_SetCursor                         0x00001291   Thumb Code    22  st7735.o(i.ST7735_SetCursor)
    Sound_Init                               0x000012b1   Thumb Code   134  sound.o(i.Sound_Init)
    Sound_Jump                               0x0000135d   Thumb Code    26  sound.o(i.Sound_Jump)
    Sound_Play                               0x00001389   Thumb Code    22  sound.o(i.Sound_Play)
    Sound_gameover                           0x000013a5   Thumb Code    26  sound.o(i.Sound_gameover)
    Sound_intro                              0x000013d1   Thumb Code    26  sound.o(i.Sound_intro)
    Sound_pause                              0x000013fd   Thumb Code    26  sound.o(i.Sound_pause)
    Sound_points                             0x00001429   Thumb Code    26  sound.o(i.Sound_points)
    SysTick_Handler                          0x00001455   Thumb Code   626  donkeykong.o(i.SysTick_Handler)
    SysTick_Init                             0x00001701   Thumb Code    42  donkeykong.o(i.SysTick_Init)
    Timer0A_Handler                          0x00001735   Thumb Code    16  timer0.o(i.Timer0A_Handler)
    Timer0_Init                              0x0000174d   Thumb Code    76  timer0.o(i.Timer0_Init)
    Timer1A_Handler                          0x000017ad   Thumb Code    16  timer1.o(i.Timer1A_Handler)
    checkADC                                 0x000017c5   Thumb Code   548  donkeykong.o(i.checkADC)
    draw_Ladder1                             0x00001bfd   Thumb Code   364  donkeykong.o(i.draw_Ladder1)
    draw_Stage1                              0x00001d6d   Thumb Code   578  donkeykong.o(i.draw_Stage1)
    draw_init_characters                     0x00001fb5   Thumb Code    52  donkeykong.o(i.draw_init_characters)
    fireball_collision                       0x00001fed   Thumb Code   136  donkeykong.o(i.fireball_collision)
    main                                     0x0000207d   Thumb Code   770  donkeykong.o(i.main)
    mario_platform_left                      0x000023c5   Thumb Code   782  donkeykong.o(i.mario_platform_left)
    mario_platform_right                     0x000026d9   Thumb Code   782  donkeykong.o(i.mario_platform_right)
    update_Fire                              0x00002a75   Thumb Code  1422  donkeykong.o(i.update_Fire)
    x_ADC_In                                 0x00003015   Thumb Code    36  adc.o(i.x_ADC_In)
    y_ADC_In                                 0x00003041   Thumb Code    36  adc.o(i.y_ADC_In)
    jump                                     0x0000306c   Data       17408  sound.o(.constdata)
    pauseS                                   0x0000746c   Data       13440  sound.o(.constdata)
    gameover                                 0x0000a8ec   Data       48512  sound.o(.constdata)
    points                                   0x0001666c   Data       19712  sound.o(.constdata)
    intro                                    0x0001b36c   Data       59356  sound.o(.constdata)
    dBfs                                     0x0002a12a   Data         512  st7735.o(.constdata)
    mario_run_right                          0x0002a32a   Data         600  donkeykong.o(.constdata)
    mario_run_left                           0x0002a582   Data         600  donkeykong.o(.constdata)
    mario_still_right                        0x0002a7da   Data         600  donkeykong.o(.constdata)
    mario_still_left                         0x0002aa32   Data         600  donkeykong.o(.constdata)
    bowser_open_mouth                        0x0002ac8a   Data        1922  donkeykong.o(.constdata)
    bowser_closed_mouth                      0x0002b40c   Data        1922  donkeykong.o(.constdata)
    ladder                                   0x0002bb8e   Data          78  donkeykong.o(.constdata)
    platform                                 0x0002bbdc   Data          60  donkeykong.o(.constdata)
    fireball_right                           0x0002bc18   Data         200  donkeykong.o(.constdata)
    fireball_left                            0x0002bce0   Data         200  donkeykong.o(.constdata)
    mario_climbing_1                         0x0002bda8   Data         600  donkeykong.o(.constdata)
    mario_climbing_2                         0x0002c000   Data         600  donkeykong.o(.constdata)
    InputPortMsg                             0x0002c258   Data          40  texas.o(.constdata)
    OutputPortMsg                            0x0002c280   Data          40  texas.o(.constdata)
    BlankMsg                                 0x0002c2a8   Data          40  texas.o(.constdata)
    InitializedMsg                           0x0002c2d0   Data          40  texas.o(.constdata)
    IntroMsg                                 0x0002c2f8   Data          40  texas.o(.constdata)
    DoneMsg                                  0x0002c320   Data          40  texas.o(.constdata)
    Region$$Table$$Base                      0x0002c348   Number         0  anon$$obj.o(Region$$Table)
    Region$$Table$$Limit                     0x0002c368   Number         0  anon$$obj.o(Region$$Table)
    PeriodicTask0                            0x20000000   Data           4  timer0.o(.data)
    PeriodicTask1                            0x20000004   Data           4  timer1.o(.data)
    ptS                                      0x20000008   Data           4  sound.o(.data)
    indexS                                   0x2000000c   Data           4  sound.o(.data)
    note                                     0x20000010   Data           4  sound.o(.data)
    end_index                                0x20000014   Data           4  sound.o(.data)
    StX                                      0x20000018   Data           4  st7735.o(.data)
    StY                                      0x2000001c   Data           4  st7735.o(.data)
    StTextColor                              0x20000020   Data           2  st7735.o(.data)
    lastj                                    0x20000028   Data           4  st7735.o(.data)
    Messageindex                             0x20000030   Data           4  st7735.o(.data)
    Ymax                                     0x20000034   Data           4  st7735.o(.data)
    Ymin                                     0x20000038   Data           4  st7735.o(.data)
    X                                        0x2000003c   Data           4  st7735.o(.data)
    Yrange                                   0x20000040   Data           4  st7735.o(.data)
    characters                               0x20000044   Data         468  donkeykong.o(.data)
    enemy_ladders_bottom                     0x20000218   Data         192  donkeykong.o(.data)
    player_ladders_bottom                    0x200002d8   Data          96  donkeykong.o(.data)
    enemy_ladders_top                        0x20000338   Data         192  donkeykong.o(.data)
    player_ladders_top                       0x200003f8   Data          96  donkeykong.o(.data)
    score_text                               0x20000458   Data          16  donkeykong.o(.data)
    level_text                               0x20000468   Data          16  donkeykong.o(.data)
    lives_text                               0x20000478   Data          13  donkeykong.o(.data)
    lose_text                                0x20000485   Data           9  donkeykong.o(.data)
    final_level_text                         0x2000048e   Data          19  donkeykong.o(.data)
    final_score_text                         0x200004a1   Data          19  donkeykong.o(.data)
    score_string                             0x200004b4   Data           5  donkeykong.o(.data)
    level_string                             0x200004b9   Data           3  donkeykong.o(.data)
    lives_string                             0x200004bc   Data           2  donkeykong.o(.data)
    score                                    0x200004c0   Data           4  donkeykong.o(.data)
    level                                    0x200004c4   Data           2  donkeykong.o(.data)
    lose                                     0x200004c6   Data           1  donkeykong.o(.data)
    win                                      0x200004c7   Data           1  donkeykong.o(.data)
    difficulty                               0x200004c8   Data           4  donkeykong.o(.data)
    fireball_wait                            0x200004cc   Data           1  donkeykong.o(.data)
    fireball_ref                             0x200004cd   Data           1  donkeykong.o(.data)
    fireball_animation                       0x200004ce   Data           1  donkeykong.o(.data)
    airtime                                  0x200004d0   Data           4  donkeykong.o(.data)
    sixtime                                  0x200004d4   Data           4  donkeykong.o(.data)
    won_whole_game                           0x200004d8   Data           1  donkeykong.o(.data)
    pause                                    0x200004d9   Data           1  donkeykong.o(.data)
    start                                    0x200004dc   Data           4  donkeykong.o(.data)
    xADCvalue                                0x200004e0   Data           4  donkeykong.o(.data)
    yADCvalue                                0x200004e4   Data           4  donkeykong.o(.data)
    TExaS_Period                             0x200004e8   Data           4  texas.o(.data)
    TExaS_Ports                              0x200004ec   Data           8  texas.o(.data)
    TExaS_Meter                              0x200004f4   Data           4  texas.o(.data)
    ADCnum                                   0x200004f8   Data           4  texas.o(.data)
    LastMode                                 0x200004fc   Data           4  texas.o(.data)
    bFlag                                    0x20000500   Data           4  texas.o(.data)
    Count                                    0x20000504   Data           4  texas.o(.data)
    DelayBetweenTests                        0x20000508   Data           4  texas.o(.data)
    TExaS_Test                               0x2000050c   Data           4  texas.o(.data)
    ScopeMode                                0x20000510   Data           4  texas.o(.data)
    ScopeCount                               0x20000514   Data           4  texas.o(.data)
    TExaS                                    0x20000520   Data          56  texas.o(.bss)
    __libspace_start                         0x20000558   Data          96  libspace.o(.bss)
    __temporary_stack_top$libspace           0x200005b8   Data           0  libspace.o(.bss)



==============================================================================

Memory Map of the image

  Image Entry point : 0x0000026d

  Load Region LR_1 (Base: 0x00000000, Size: 0x0002c884, Max: 0xffffffff, ABSOLUTE, COMPRESSED[0x0002c4cc])

    Execution Region ER_RO (Base: 0x00000000, Size: 0x0002c368, Max: 0xffffffff, ABSOLUTE)

    Base Addr    Size         Type   Attr      Idx    E Section Name        Object

    0x00000000   0x00000284   Code   RO            3  * RESET               startup.o
    0x00000284   0x00000008   Code   RO          606  * !!!main             c_w.l(__main.o)
    0x0000028c   0x00000034   Code   RO          762    !!!scatter          c_w.l(__scatter.o)
    0x000002c0   0x0000005a   Code   RO          760    !!dczerorl2         c_w.l(__dczerorl2.o)
    0x0000031a   0x00000002   PAD
    0x0000031c   0x0000001c   Code   RO          764    !!handler_zi        c_w.l(__scatter_zi.o)
    0x00000338   0x00000002   Code   RO          633    .ARM.Collect$$libinit$$00000000  c_w.l(libinit.o)
    0x0000033a   0x00000000   Code   RO          640    .ARM.Collect$$libinit$$00000002  c_w.l(libinit2.o)
    0x0000033a   0x00000000   Code   RO          643    .ARM.Collect$$libinit$$00000008  c_w.l(libinit2.o)
    0x0000033a   0x00000000   Code   RO          645    .ARM.Collect$$libinit$$0000000A  c_w.l(libinit2.o)
    0x0000033a   0x00000000   Code   RO          647    .ARM.Collect$$libinit$$0000000C  c_w.l(libinit2.o)
    0x0000033a   0x00000000   Code   RO          650    .ARM.Collect$$libinit$$0000000F  c_w.l(libinit2.o)
    0x0000033a   0x00000000   Code   RO          652    .ARM.Collect$$libinit$$00000011  c_w.l(libinit2.o)
    0x0000033a   0x00000000   Code   RO          654    .ARM.Collect$$libinit$$00000013  c_w.l(libinit2.o)
    0x0000033a   0x00000000   Code   RO          656    .ARM.Collect$$libinit$$00000015  c_w.l(libinit2.o)
    0x0000033a   0x00000000   Code   RO          658    .ARM.Collect$$libinit$$00000017  c_w.l(libinit2.o)
    0x0000033a   0x00000000   Code   RO          660    .ARM.Collect$$libinit$$00000019  c_w.l(libinit2.o)
    0x0000033a   0x00000000   Code   RO          662    .ARM.Collect$$libinit$$0000001B  c_w.l(libinit2.o)
    0x0000033a   0x00000000   Code   RO          664    .ARM.Collect$$libinit$$0000001D  c_w.l(libinit2.o)
    0x0000033a   0x00000000   Code   RO          666    .ARM.Collect$$libinit$$0000001F  c_w.l(libinit2.o)
    0x0000033a   0x00000000   Code   RO          668    .ARM.Collect$$libinit$$00000021  c_w.l(libinit2.o)
    0x0000033a   0x00000000   Code   RO          670    .ARM.Collect$$libinit$$00000023  c_w.l(libinit2.o)
    0x0000033a   0x00000000   Code   RO          674    .ARM.Collect$$libinit$$0000002A  c_w.l(libinit2.o)
    0x0000033a   0x00000000   Code   RO          676    .ARM.Collect$$libinit$$0000002C  c_w.l(libinit2.o)
    0x0000033a   0x00000000   Code   RO          678    .ARM.Collect$$libinit$$0000002E  c_w.l(libinit2.o)
    0x0000033a   0x00000000   Code   RO          680    .ARM.Collect$$libinit$$00000030  c_w.l(libinit2.o)
    0x0000033a   0x00000002   Code   RO          681    .ARM.Collect$$libinit$$00000031  c_w.l(libinit2.o)
    0x0000033c   0x00000002   Code   RO          701    .ARM.Collect$$libshutdown$$00000000  c_w.l(libshutdown.o)
    0x0000033e   0x00000000   Code   RO          715    .ARM.Collect$$libshutdown$$00000003  c_w.l(libshutdown2.o)
    0x0000033e   0x00000000   Code   RO          718    .ARM.Collect$$libshutdown$$00000006  c_w.l(libshutdown2.o)
    0x0000033e   0x00000000   Code   RO          721    .ARM.Collect$$libshutdown$$00000009  c_w.l(libshutdown2.o)
    0x0000033e   0x00000000   Code   RO          723    .ARM.Collect$$libshutdown$$0000000B  c_w.l(libshutdown2.o)
    0x0000033e   0x00000000   Code   RO          726    .ARM.Collect$$libshutdown$$0000000E  c_w.l(libshutdown2.o)
    0x0000033e   0x00000002   Code   RO          727    .ARM.Collect$$libshutdown$$0000000F  c_w.l(libshutdown2.o)
    0x00000340   0x00000000   Code   RO          608    .ARM.Collect$$rtentry$$00000000  c_w.l(rtentry.o)
    0x00000340   0x00000000   Code   RO          610    .ARM.Collect$$rtentry$$00000002  c_w.l(rtentry2.o)
    0x00000340   0x00000006   Code   RO          622    .ARM.Collect$$rtentry$$00000004  c_w.l(rtentry4.o)
    0x00000346   0x00000000   Code   RO          612    .ARM.Collect$$rtentry$$00000009  c_w.l(rtentry2.o)
    0x00000346   0x00000004   Code   RO          613    .ARM.Collect$$rtentry$$0000000A  c_w.l(rtentry2.o)
    0x0000034a   0x00000000   Code   RO          615    .ARM.Collect$$rtentry$$0000000C  c_w.l(rtentry2.o)
    0x0000034a   0x00000008   Code   RO          616    .ARM.Collect$$rtentry$$0000000D  c_w.l(rtentry2.o)
    0x00000352   0x00000002   Code   RO          637    .ARM.Collect$$rtexit$$00000000  c_w.l(rtexit.o)
    0x00000354   0x00000000   Code   RO          683    .ARM.Collect$$rtexit$$00000002  c_w.l(rtexit2.o)
    0x00000354   0x00000004   Code   RO          684    .ARM.Collect$$rtexit$$00000003  c_w.l(rtexit2.o)
    0x00000358   0x00000006   Code   RO          685    .ARM.Collect$$rtexit$$00000004  c_w.l(rtexit2.o)
    0x0000035e   0x00000002   PAD
    0x00000360   0x00000030   Code   RO            4    .text               startup.o
    0x00000390   0x0000003c   Code   RO           13    .text               random.o
    0x000003cc   0x0000004c   Code   RO          168    .text               lcd.o
    0x00000418   0x000004a0   Code   RO          585    .text               texas.o
    0x000008b8   0x00000006   Code   RO          604    .text               c_w.l(heapauxi.o)
    0x000008be   0x0000004a   Code   RO          624    .text               c_w.l(sys_stackheap_outer.o)
    0x00000908   0x0000000c   Code   RO          626    .text               c_w.l(exit.o)
    0x00000914   0x00000008   Code   RO          634    .text               c_w.l(libspace.o)
    0x0000091c   0x0000000c   Code   RO          693    .text               c_w.l(sys_exit.o)
    0x00000928   0x00000002   Code   RO          704    .text               c_w.l(use_no_semi.o)
    0x0000092a   0x00000000   Code   RO          706    .text               c_w.l(indicate_semi.o)
    0x0000092a   0x00000002   PAD
    0x0000092c   0x00000104   Code   RO           41    i.ADC_Init          adc.o
    0x00000a30   0x000000bc   Code   RO          446    i.Characters_Init   donkeykong.o
    0x00000aec   0x00000044   Code   RO           16    i.DAC_Init          dac.o
    0x00000b30   0x0000000c   Code   RO           17    i.DAC_Out           dac.o
    0x00000b3c   0x00000024   Code   RO          447    i.Delay100ms        donkeykong.o
    0x00000b60   0x00000020   Code   RO          174    i.Delay1ms          st7735.o
    0x00000b80   0x00000058   Code   RO          448    i.GPIOPortF_Handler  donkeykong.o
    0x00000bd8   0x000000b8   Code   RO          449    i.Move              donkeykong.o
    0x00000c90   0x00000058   Code   RO          450    i.Movedown          donkeykong.o
    0x00000ce8   0x00000058   Code   RO          451    i.Moveleft          donkeykong.o
    0x00000d40   0x00000058   Code   RO          452    i.Moveright         donkeykong.o
    0x00000d98   0x00000010   Code   RO          177    i.Output_Init       st7735.o
    0x00000da8   0x000000e8   Code   RO          573    i.PortF_Init        portf.o
    0x00000e90   0x00000120   Code   RO          181    i.ST7735_DrawBitmap  st7735.o
    0x00000fb0   0x000000f4   Code   RO          184    i.ST7735_DrawCharS  st7735.o
    0x000010a4   0x00000048   Code   RO          187    i.ST7735_DrawPixel  st7735.o
    0x000010ec   0x00000056   Code   RO          188    i.ST7735_DrawString  st7735.o
    0x00001142   0x00000002   PAD
    0x00001144   0x000000ac   Code   RO          189    i.ST7735_FillRect   st7735.o
    0x000011f0   0x00000024   Code   RO          190    i.ST7735_FillScreen  st7735.o
    0x00001214   0x0000007c   Code   RO          192    i.ST7735_InitR      st7735.o
    0x00001290   0x00000020   Code   RO          205    i.ST7735_SetCursor  st7735.o
    0x000012b0   0x000000ac   Code   RO          107    i.Sound_Init        sound.o
    0x0000135c   0x0000002c   Code   RO          108    i.Sound_Jump        sound.o
    0x00001388   0x0000001c   Code   RO          109    i.Sound_Play        sound.o
    0x000013a4   0x0000002c   Code   RO          110    i.Sound_gameover    sound.o
    0x000013d0   0x0000002c   Code   RO          111    i.Sound_intro       sound.o
    0x000013fc   0x0000002c   Code   RO          112    i.Sound_pause       sound.o
    0x00001428   0x0000002c   Code   RO          113    i.Sound_points      sound.o
    0x00001454   0x000002ac   Code   RO          454    i.SysTick_Handler   donkeykong.o
    0x00001700   0x00000034   Code   RO          455    i.SysTick_Init      donkeykong.o
    0x00001734   0x00000018   Code   RO           65    i.Timer0A_Handler   timer0.o
    0x0000174c   0x00000060   Code   RO           66    i.Timer0_Init       timer0.o
    0x000017ac   0x00000018   Code   RO           86    i.Timer1A_Handler   timer1.o
    0x000017c4   0x0000025c   Code   RO          456    i.checkADC          donkeykong.o
    0x00001a20   0x00000056   Code   RO          209    i.commandList       st7735.o
    0x00001a76   0x00000002   PAD
    0x00001a78   0x00000184   Code   RO          210    i.commonInit        st7735.o
    0x00001bfc   0x00000170   Code   RO          457    i.draw_Ladder1      donkeykong.o
    0x00001d6c   0x00000248   Code   RO          458    i.draw_Stage1       donkeykong.o
    0x00001fb4   0x00000038   Code   RO          459    i.draw_init_characters  donkeykong.o
    0x00001fec   0x00000090   Code   RO          460    i.fireball_collision  donkeykong.o
    0x0000207c   0x00000348   Code   RO          461    i.main              donkeykong.o
    0x000023c4   0x00000314   Code   RO          462    i.mario_platform_left  donkeykong.o
    0x000026d8   0x00000314   Code   RO          463    i.mario_platform_right  donkeykong.o
    0x000029ec   0x00000012   Code   RO          215    i.pushColor         st7735.o
    0x000029fe   0x00000002   PAD
    0x00002a00   0x00000074   Code   RO          216    i.setAddrWindow     st7735.o
    0x00002a74   0x000005a0   Code   RO          464    i.update_Fire       donkeykong.o
    0x00003014   0x0000002c   Code   RO           42    i.x_ADC_In          adc.o
    0x00003040   0x0000002c   Code   RO           43    i.y_ADC_In          adc.o
    0x0000306c   0x00026adc   Data   RO          114    .constdata          sound.o
    0x00029b48   0x000007e2   Data   RO          218    .constdata          st7735.o
    0x0002a32a   0x00001f2e   Data   RO          465    .constdata          donkeykong.o
    0x0002c258   0x000000f0   Data   RO          587    .constdata          texas.o
    0x0002c348   0x00000020   Data   RO          758    Region$$Table       anon$$obj.o


    Execution Region ER_RW (Base: 0x20000000, Size: 0x0000051c, Max: 0xffffffff, ABSOLUTE, COMPRESSED[0x00000164])

    Base Addr    Size         Type   Attr      Idx    E Section Name        Object

    0x20000000   0x00000004   Data   RW           67    .data               timer0.o
    0x20000004   0x00000004   Data   RW           88    .data               timer1.o
    0x20000008   0x00000010   Data   RW          115    .data               sound.o
    0x20000018   0x0000002c   Data   RW          219    .data               st7735.o
    0x20000044   0x000004a4   Data   RW          466    .data               donkeykong.o
    0x200004e8   0x00000030   Data   RW          588    .data               texas.o
    0x20000518   0x00000004   Data   RW           12    DATA                random.o


    Execution Region ER_ZI (Base: 0x2000051c, Size: 0x0000049c, Max: 0xffffffff, ABSOLUTE)

    Base Addr    Size         Type   Attr      Idx    E Section Name        Object

    0x2000051c   0x00000004   PAD
    0x20000520   0x00000038   Zero   RW          586    .bss                texas.o
    0x20000558   0x00000060   Zero   RW          635    .bss                c_w.l(libspace.o)
    0x200005b8   0x00000000   Zero   RW            2    HEAP                startup.o
    0x200005b8   0x00000400   Zero   RW            1    STACK               startup.o


==============================================================================

Image component sizes


      Code (inc. data)   RO Data    RW Data    ZI Data      Debug   Object Name

       348         50          0          0          0       1185   adc.o
        80         18          0          0          0       5189   dac.o
      7108        314       7982       1188          0      19320   donkeykong.o
        76         14          0          0          0        188   lcd.o
       232         24          0          0          0        745   portf.o
        60         14          0          4          0        188   random.o
       420        134     158428         16          0       3441   sound.o
      1710        146       2018         44          0      11508   st7735.o
       692        632          0          0       1024        876   startup.o
      1184        188        240         48         56      14668   texas.o
       120         28          0          4          0       1220   timer0.o
        24          8          0          4          0        770   timer1.o

    ----------------------------------------------------------------------
     12060       1570     168700       1308       1084      59298   Object Totals
         0          0         32          0          0          0   (incl. Generated)
         6          0          0          0          4          0   (incl. Padding)

    ----------------------------------------------------------------------

      Code (inc. data)   RO Data    RW Data    ZI Data      Debug   Library Member Name

        90          0          0          0          0          0   __dczerorl2.o
         8          0          0          0          0         68   __main.o
        52          8          0          0          0          0   __scatter.o
        28          0          0          0          0          0   __scatter_zi.o
        12          0          0          0          0         72   exit.o
         6          0          0          0          0        152   heapauxi.o
         0          0          0          0          0          0   indicate_semi.o
         2          0          0          0          0          0   libinit.o
         2          0          0          0          0          0   libinit2.o
         2          0          0          0          0          0   libshutdown.o
         2          0          0          0          0          0   libshutdown2.o
         8          4          0          0         96         68   libspace.o
         0          0          0          0          0          0   rtentry.o
        12          0          0          0          0          0   rtentry2.o
         6          0          0          0          0          0   rtentry4.o
         2          0          0          0          0          0   rtexit.o
        10          0          0          0          0          0   rtexit2.o
        12          4          0          0          0         68   sys_exit.o
        74          0          0          0          0         80   sys_stackheap_outer.o
         2          0          0          0          0         68   use_no_semi.o

    ----------------------------------------------------------------------
       336         16          0          0         96        576   Library Totals
         6          0          0          0          0          0   (incl. Padding)

    ----------------------------------------------------------------------

      Code (inc. data)   RO Data    RW Data    ZI Data      Debug   Library Name

       330         16          0          0         96        576   c_w.l

    ----------------------------------------------------------------------
       336         16          0          0         96        576   Library Totals

    ----------------------------------------------------------------------

==============================================================================


      Code (inc. data)   RO Data    RW Data    ZI Data      Debug   

     12396       1586     168700       1308       1180      57066   Grand Totals
     12396       1586     168700        356       1180      57066   ELF Image Totals (compressed)
     12396       1586     168700        356          0          0   ROM Totals

==============================================================================

    Total RO  Size (Code + RO Data)               181096 ( 176.85kB)
    Total RW  Size (RW Data + ZI Data)              2488 (   2.43kB)
    Total ROM Size (Code + RO Data + RW Data)     181452 ( 177.20kB)

==============================================================================

