<html>
<body>
<pre>
<h1>µVision Build Log</h1>
<h2>Project:</h2>
C:\Keil\EE319Kware\lab10-chris-and-wei\DonkeyKong.uvproj
Project File Date:  04/29/2017

<h2>Output:</h2>
Build target 'DonkeyKong'
linking...
Program Size: Code=11520 RO-data=10272 RW-data=1236 ZI-data=1180  
".\DonkeyKong.axf" - 0 Error(s), 0 Warning(s).
0 Error(s), 0 Warning(s).
Load "C:\\Keil\\EE319Kware\\lab10-chris-and-wei\\DonkeyKong.axf" 
Connecting: Mode=JTAG, Speed=1000000Hz
Connection failed!, error code=&d
Error: Flash Download failed  -  Target DLL has been cancelled
Load "C:\\Keil\\EE319Kware\\lab10-chris-and-wei\\DonkeyKong.axf" 
Connecting: Mode=JTAG, Speed=1000000Hz
Erase Done.
Programming Done.
Verify OK.
s, 3 errors
".\DonkeyKong.axf" - 3 Error(s), 0 Warning(s).
Target not created
g(uint16_t x, uint16_t y, char *pt, int16_t textColor);
DonkeyKong.c(544): error:  #165: too few arguments in function call
                        ST7735_DrawString(uint16_t x, uint16_t y, char *pt, int16_t textColor);
DonkeyKong.c(544): error:  #18: expected a ")"
                        ST7735_DrawString(uint16_t x, uint16_t y, char *pt, int16_t textColor);
DonkeyKong.c: 0 warnings, 6 errors
".\DonkeyKong.axf" - 6 Error(s), 0 Warning(s).
Target not created
as declared but never referenced
  uint32_t start;
DonkeyKong.c(486): warning:  #177-D: variable "fireball_wait" was declared but never referenced
  uint8_t fireball_wait = 0;    //delay for next fireball
DonkeyKong.c(487): warning:  #177-D: variable "fireball_ref" was declared but never referenced
  uint8_t fireball_ref = 2;     //reference to which fireball
DonkeyKong.c(513): error:  #169: expected a declaration
                        }
DonkeyKong.c(515): error:  #79: expected a type specifier
                        ST7735_FillRect((int16_t)(characters[mario].pastx), (int16_t)(characters[mario].pasty-19), 15, 2, 0x7BEF);
DonkeyKong.c(515): error:  #79: expected a type specifier
                        ST7735_FillRect((int16_t)(characters[mario].pastx), (int16_t)(characters[mario].pasty-19), 15, 2, 0x7BEF);
DonkeyKong.c(515): error:  #79: expected a type specifier
                        ST7735_FillRect((int16_t)(characters[mario].pastx), (int16_t)(characters[mario].pasty-19), 15, 2, 0x7BEF);
DonkeyKong.c(515): error:  #79: expected a type specifier
                        ST7735_FillRect((int16_t)(characters[mario].pastx), (int16_t)(characters[mario].pasty-19), 15, 2, 0x7BEF);
DonkeyKong.c(515): error:  #79: expected a type specifier
                        ST7735_FillRect((int16_t)(characters[mario].pastx), (int16_t)(characters[mario].pasty-19), 15, 2, 0x7BEF);
DonkeyKong.c(515): error:  #260-D: explicit type is missing ("int" assumed)
                        ST7735_FillRect((int16_t)(characters[mario].pastx), (int16_t)(characters[mario].pasty-19), 15, 2, 0x7BEF);
DonkeyKong.c(515): error:  #147: declaration is incompatible with "void ST7735_FillRect(int16_t, int16_t, int16_t, int16_t, uint16_t)" (declared at line 148 of "ST7735.h")
                        ST7735_FillRect((int16_t)(characters[mario].pastx), (int16_t)(characters[mario].pasty-19), 15, 2, 0x7BEF);
DonkeyKong.c(516): error:  #79: expected a type specifier
                        ST7735_FillRect((int16_t)(characters[mario].pastx-1), (int16_t)(characters[mario].pasty-18), 3, 20, 0x7BEF);
DonkeyKong.c(516): error:  #79: expected a type specifier
                        ST7735_FillRect((int16_t)(characters[mario].pastx-1), (int16_t)(characters[mario].pasty-18), 3, 20, 0x7BEF);
DonkeyKong.c(516): error:  #79: expected a type specifier
                        ST7735_FillRect((int16_t)(characters[mario].pastx-1), (int16_t)(characters[mario].pasty-18), 3, 20, 0x7BEF);
DonkeyKong.c(516): error:  #79: expected a type specifier
                        ST7735_FillRect((int16_t)(characters[mario].pastx-1), (int16_t)(characters[mario].pasty-18), 3, 20, 0x7BEF);
DonkeyKong.c(516): error:  #79: expected a type specifier
                        ST7735_FillRect((int16_t)(characters[mario].pastx-1), (int16_t)(characters[mario].pasty-18), 3, 20, 0x7BEF);
DonkeyKong.c(516): error:  #260-D: explicit type is missing ("int" assumed)
                        ST7735_FillRect((int16_t)(characters[mario].pastx-1), (int16_t)(characters[mario].pasty-18), 3, 20, 0x7BEF);
DonkeyKong.c(517): error:  #79: expected a type specifier
                        ST7735_FillRect((int16_t)(characters[mario].pastx+13), (int16_t)(characters[mario].pasty-18), 3, 20, 0x7BEF);
DonkeyKong.c(517): error:  #79: expected a type specifier
                        ST7735_FillRect((int16_t)(characters[mario].pastx+13), (int16_t)(characters[mario].pasty-18), 3, 20, 0x7BEF);
DonkeyKong.c(517): error:  #79: expected a type specifier
                        ST7735_FillRect((int16_t)(characters[mario].pastx+13), (int16_t)(characters[mario].pasty-18), 3, 20, 0x7BEF);
DonkeyKong.c(517): error:  #79: expected a type specifier
                        ST7735_FillRect((int16_t)(characters[mario].pastx+13), (int16_t)(characters[mario].pasty-18), 3, 20, 0x7BEF);
DonkeyKong.c(517): error:  #79: expected a type specifier
                        ST7735_FillRect((int16_t)(characters[mario].pastx+13), (int16_t)(characters[mario].pasty-18), 3, 20, 0x7BEF);
DonkeyKong.c(517): error:  #260-D: explicit type is missing ("int" assumed)
                        ST7735_FillRect((int16_t)(characters[mario].pastx+13), (int16_t)(characters[mario].pasty-18), 3, 20, 0x7BEF);
DonkeyKong.c(518): error:  #757: variable "characters" is not a type name
                        ST7735_DrawBitmap(characters[mario].newx, characters[mario].newy, characters[mario].pic, 15,20);
DonkeyKong.c(518): error:  #18: expected a ")"
                        ST7735_DrawBitmap(characters[mario].newx, characters[mario].newy, characters[mario].pic, 15,20);
DonkeyKong.c(518): error:  #260-D: explicit type is missing ("int" assumed)
                        ST7735_DrawBitmap(characters[mario].newx, characters[mario].newy, characters[mario].pic, 15,20);
DonkeyKong.c(518): error:  #147: declaration is incompatible with "void ST7735_DrawBitmap(int16_t, int16_t, const uint16_t *, int16_t, int16_t)" (declared at line 186 of "ST7735.h")
                        ST7735_DrawBitmap(characters[mario].newx, characters[mario].newy, characters[mario].pic, 15,20);
DonkeyKong.c(519): error:  #169: expected a declaration
                        if(characters[mario].newy==17){
DonkeyKong.c(536): warning:  #12-D: parsing restarts here after previous syntax error
                ST7735_FillScreen(0x7BEF);            // set screen to black
DonkeyKong.c(537): error:  #79: expected a type specifier
                ST7735_SetCursor(0,0);
DonkeyKong.c(537): error:  #79: expected a type specifier
                ST7735_SetCursor(0,0);
DonkeyKong.c(537): error:  #260-D: explicit type is missing ("int" assumed)
                ST7735_SetCursor(0,0);
DonkeyKong.c(537): error:  #147: declaration is incompatible with "void ST7735_SetCursor(uint32_t, uint32_t)" (declared at line 243 of "ST7735.h")
                ST7735_SetCursor(0,0);
DonkeyKong.c: 12 warnings, 30 errors
".\DonkeyKong.axf" - 30 Error(s), 12 Warning(s).
Target not created
or(0,0);
DonkeyKong.c(537): error:  #147: declaration is incompatible with "void ST7735_SetCursor(uint32_t, uint32_t)" (declared at line 243 of "ST7735.h")
                ST7735_SetCursor(0,0);
DonkeyKong.c: 12 warnings, 30 errors
"DonkeyKong.c" - 30 Error(s), 12 Warning(s).
