<html>
<body>
<pre>
<h1>µVision Build Log</h1>
<h2>Project:</h2>
C:\Keil\EE319Kware\lab10-chris-and-wei\DonkeyKong.uvproj
Project File Date:  04/25/2017

<h2>Output:</h2>
Build target 'DonkeyKong'
linking...
Program Size: Code=5968 RO-data=8928 RW-data=972 ZI-data=1180  
".\DonkeyKong.axf" - 0 Error(s), 0 Warning(s).
</pre>
</body>
</html>


compiling DonkeyKong.c...
"DonkeyKong.c" - 0 Error(s), 0 Warning(s).
created

".\DonkeyKong.axf" - 2 Error(s), 0 Warning(s).
Target not created
Error: Could not load file 'C:\Keil\EE319Kware\lab10-chris-and-wei\DonkeyKong.axf'. Debugger aborted !
3-D: assignment in condition
        if((xADCvalue=<2200)&&(xADCvalue>=1900)){
DonkeyKong.c: 3 warnings, 1 error
".\DonkeyKong.axf" - 1 Error(s), 3 Warning(s).
Target not created
